Component: Arm Compiler for Embedded 6.19 Tool: armlink [5e73cb00]

==============================================================================

Section Cross References

    main.o(.text.main) refers to main.o(.rodata..L__const.main.offsetValue) for .L__const.main.offsetValue
    main.o(.text.main) refers to main.o(.text.setup) for setup
    main.o(.text.main) refers to help_func.o(.text.int2char) for int2char
    main.o(.text.main) refers to main.o(.rodata.str1.1) for .L.str.6
    main.o(.text.main) refers to uart_driver.o(.text.uart_send) for uart_send
    main.o(.text.main) refers to uart_driver.o(.text.uart_TX) for uart_TX
    main.o(.text.main) refers to h1_free.o(.text) for free
    main.o(.text.main) refers to gp_driver.o(.text.write_GP) for write_GP
    main.o(.text.main) refers to systick_delay.o(.text.delayMS) for delayMS
    main.o(.text.main) refers to main.o(.text.shippingInit) for shippingInit
    main.o(.text.main) refers to main.o(.text.getLightLevel) for getLightLevel
    main.o(.text.main) refers to gp_driver.o(.text.read_GP) for read_GP
    main.o(.text.main) refers to gp_driver.o(.text.toggle_GP) for toggle_GP
    main.o(.ARM.exidx.text.main) refers to main.o(.text.main) for [Anonymous Symbol]
    main.o(.text.setup) refers to systick_delay.o(.text.systick_init) for systick_init
    main.o(.text.setup) refers to gp_driver.o(.text.gpio_init) for gpio_init
    main.o(.text.setup) refers to gp_driver.o(.text.write_GP) for write_GP
    main.o(.text.setup) refers to adc_driver.o(.text.adc_init) for adc_init
    main.o(.text.setup) refers to uart_driver.o(.text.uart_init) for uart_init
    main.o(.text.setup) refers to systick_delay.o(.text.delayMS) for delayMS
    main.o(.text.setup) refers to main.o(.bss.serialPort) for serialPort
    main.o(.ARM.exidx.text.setup) refers to main.o(.text.setup) for [Anonymous Symbol]
    main.o(.text.shippingInit) refers to main.o(.bss.serialPort) for serialPort
    main.o(.text.shippingInit) refers to help_func.o(.text.str_empty) for str_empty
    main.o(.text.shippingInit) refers to uart_driver.o(.text.uart_TX_hex) for uart_TX_hex
    main.o(.text.shippingInit) refers to systick_delay.o(.text.delayMS) for delayMS
    main.o(.ARM.exidx.text.shippingInit) refers to main.o(.text.shippingInit) for [Anonymous Symbol]
    main.o(.text.getLightLevel) refers to adc_driver.o(.text.adc_check) for adc_check
    main.o(.text.getLightLevel) refers to adc_driver.o(.text.adc_get) for adc_get
    main.o(.text.getLightLevel) refers to systick_delay.o(.text.delayMS) for delayMS
    main.o(.ARM.exidx.text.getLightLevel) refers to main.o(.text.getLightLevel) for [Anonymous Symbol]
    main.o(.text.USART2_IRQHandler) refers to main.o(.bss.serialPort) for serialPort
    main.o(.text.USART2_IRQHandler) refers to uart_driver.o(.text.uart_ISR) for uart_ISR
    main.o(.ARM.exidx.text.USART2_IRQHandler) refers to main.o(.text.USART2_IRQHandler) for [Anonymous Symbol]
    main.o(.rodata..L__const.main.offsetValue) refers to main.o(.rodata.str1.1) for [Anonymous Symbol]
    gp_driver.o(.ARM.exidx.text.gpio_init) refers to gp_driver.o(.text.gpio_init) for [Anonymous Symbol]
    gp_driver.o(.ARM.exidx.text.read_GP) refers to gp_driver.o(.text.read_GP) for [Anonymous Symbol]
    gp_driver.o(.ARM.exidx.text.write_GP) refers to gp_driver.o(.text.write_GP) for [Anonymous Symbol]
    gp_driver.o(.text.toggle_GP) refers to gp_driver.o(.text.read_GP) for read_GP
    gp_driver.o(.text.toggle_GP) refers to gp_driver.o(.text.write_GP) for write_GP
    gp_driver.o(.ARM.exidx.text.toggle_GP) refers to gp_driver.o(.text.toggle_GP) for [Anonymous Symbol]
    help_func.o(.ARM.exidx.text.str_len) refers to help_func.o(.text.str_len) for [Anonymous Symbol]
    help_func.o(.text.str_find) refers to help_func.o(.text.str_len) for str_len
    help_func.o(.ARM.exidx.text.str_find) refers to help_func.o(.text.str_find) for [Anonymous Symbol]
    help_func.o(.text.str_exact) refers to help_func.o(.text.str_len) for str_len
    help_func.o(.text.str_exact) refers to help_func.o(.text.str_find) for str_find
    help_func.o(.ARM.exidx.text.str_exact) refers to help_func.o(.text.str_exact) for [Anonymous Symbol]
    help_func.o(.ARM.exidx.text.str_merge) refers to help_func.o(.text.str_merge) for [Anonymous Symbol]
    help_func.o(.text.int2char) refers to h1_alloc.o(.text) for malloc
    help_func.o(.ARM.exidx.text.int2char) refers to help_func.o(.text.int2char) for [Anonymous Symbol]
    help_func.o(.text.char2int) refers to help_func.o(.text.str_len) for str_len
    help_func.o(.ARM.exidx.text.char2int) refers to help_func.o(.text.char2int) for [Anonymous Symbol]
    help_func.o(.ARM.exidx.text.str_empty) refers to help_func.o(.text.str_empty) for [Anonymous Symbol]
    systick_delay.o(.ARM.exidx.text.systick_init) refers to systick_delay.o(.text.systick_init) for [Anonymous Symbol]
[...]
    heap2.o(i.posix_memalign$realtime) refers to fdtree.o(i._FDTree_RemoveNode) for _FDTree_RemoveNode
    heap2.o(i.posix_memalign$realtime) refers to fdtree.o(i._FDTree_Insert) for _FDTree_Insert
    heap2.o(i.realloc$realtime) refers to rt_heap_descriptor_intlibspace.o(.text) for __rt_heap_descriptor
    heap2.o(i.realloc$realtime) refers to fdtree.o(i._FDTree_Insert) for _FDTree_Insert
    heap2.o(i.realloc$realtime) refers to h1_free.o(.text) for free
    heap2.o(i.realloc$realtime) refers to h1_alloc.o(.text) for malloc
    heap2.o(i.realloc$realtime) refers to fdtree.o(i._FDTree_Delete) for _FDTree_Delete
    heap2.o(i.realloc$realtime) refers to rt_memcpy_w.o(.text) for __aeabi_memcpy4
    heap2_threads.o(i._FDIterate) refers to heap2_threads.o(.conststring) for .conststring
    heap2_threads.o(i.__Heap_Initialize$realtime$concurrent) refers to mutex_dummy.o(.text) for _mutex_initialize
    heap2_threads.o(i.__Heap_ProvideMemory$realtime$concurrent) refers to fdtree.o(i._FDTree_Delete) for _FDTree_Delete
    heap2_threads.o(i.__Heap_ProvideMemory$realtime$concurrent) refers to fdtree.o(i._FDTree_Insert) for _FDTree_Insert
    heap2_threads.o(i.__Heap_Stats$realtime$concurrent) refers to heap2_threads.o(i._Heap2_StatsIterate) for _Heap2_StatsIterate
    heap2_threads.o(i.__Heap_Valid$realtime$concurrent) refers to heap2_threads.o(i._FDIterate) for _FDIterate
    heap2_threads.o(i.__Heap_Valid$realtime$concurrent) refers to heap2_threads.o(.conststring) for .conststring
    heap2_threads.o(i.free$realtime$concurrent) refers to rt_heap_descriptor_intlibspace.o(.text) for __rt_heap_descriptor
    heap2_threads.o(i.free$realtime$concurrent) refers to fdtree.o(i._FDTree_Delete) for _FDTree_Delete
    heap2_threads.o(i.free$realtime$concurrent) refers to fdtree.o(i._FDTree_Insert) for _FDTree_Insert
    heap2_threads.o(i.malloc$realtime$concurrent) refers to rt_heap_descriptor_intlibspace.o(.text) for __rt_heap_descriptor
    heap2_threads.o(i.malloc$realtime$concurrent) refers to fdtree.o(i._FDTree_FindFirst) for _FDTree_FindFirst
    heap2_threads.o(i.malloc$realtime$concurrent) refers to init_alloc.o(.text) for __Heap_Full
    heap2_threads.o(i.malloc$realtime$concurrent) refers to fdtree.o(i._FDTree_RemoveNode) for _FDTree_RemoveNode
    heap2_threads.o(i.malloc$realtime$concurrent) refers to fdtree.o(i._FDTree_Insert) for _FDTree_Insert
    heap2_threads.o(i.posix_memalign$realtime$concurrent) refers to rt_heap_descriptor_intlibspace.o(.text) for __rt_heap_descriptor
    heap2_threads.o(i.posix_memalign$realtime$concurrent) refers to fdtree.o(i._FDTree_FindFirst) for _FDTree_FindFirst
    heap2_threads.o(i.posix_memalign$realtime$concurrent) refers to init_alloc.o(.text) for __Heap_Full
    heap2_threads.o(i.posix_memalign$realtime$concurrent) refers to fdtree.o(i._FDTree_RemoveNode) for _FDTree_RemoveNode
    heap2_threads.o(i.posix_memalign$realtime$concurrent) refers to fdtree.o(i._FDTree_Insert) for _FDTree_Insert
    heap2_threads.o(i.realloc$realtime$concurrent) refers to rt_heap_descriptor_intlibspace.o(.text) for __rt_heap_descriptor
    heap2_threads.o(i.realloc$realtime$concurrent) refers to fdtree.o(i._FDTree_Insert) for _FDTree_Insert
    heap2_threads.o(i.realloc$realtime$concurrent) refers to h1_free.o(.text) for free
    heap2_threads.o(i.realloc$realtime$concurrent) refers to h1_alloc.o(.text) for malloc
    heap2_threads.o(i.realloc$realtime$concurrent) refers to fdtree.o(i._FDTree_Delete) for _FDTree_Delete
    heap2_threads.o(i.realloc$realtime$concurrent) refers to rt_memcpy_w.o(.text) for __aeabi_memcpy4
    __main.o(!!!main) refers to __rtentry.o(.ARM.Collect$$rtentry$$00000000) for __rt_entry
    daddsub_clz.o(x$fpl$dadd) refers (Special) to usenofp.o(x$fpl$usenofp) for __I$use$fp
    daddsub_clz.o(x$fpl$dadd) refers to daddsub_clz.o(x$fpl$dsub) for _dsub1
    daddsub_clz.o(x$fpl$dadd) refers to dretinf.o(x$fpl$dretinf) for __fpl_dretinf
    daddsub_clz.o(x$fpl$dadd) refers to dnaninf.o(x$fpl$dnaninf) for __fpl_dnaninf
    daddsub_clz.o(x$fpl$drsb) refers (Special) to usenofp.o(x$fpl$usenofp) for __I$use$fp
    daddsub_clz.o(x$fpl$drsb) refers to daddsub_clz.o(x$fpl$dadd) for _dadd1
    daddsub_clz.o(x$fpl$drsb) refers to daddsub_clz.o(x$fpl$dsub) for _dsub1
    daddsub_clz.o(x$fpl$dsub) refers (Special) to usenofp.o(x$fpl$usenofp) for __I$use$fp
    daddsub_clz.o(x$fpl$dsub) refers to daddsub_clz.o(x$fpl$dadd) for _dadd1
    daddsub_clz.o(x$fpl$dsub) refers to dnaninf.o(x$fpl$dnaninf) for __fpl_dnaninf
    dcmp.o(x$fpl$fcmp) refers (Special) to usenofp.o(x$fpl$usenofp) for __I$use$fp
    dcmp.o(x$fpl$fcmp) refers to deqf.o(x$fpl$deqf) for _dcmpeq
    dcmp.o(x$fpl$fcmp) refers to dgeqf.o(x$fpl$dgeqf) for _dcmpge
    dcmp.o(x$fpl$fcmp) refers to dleqf.o(x$fpl$dleqf) for _dcmple
    ddiv.o(x$fpl$drdiv) refers (Special) to usenofp.o(x$fpl$usenofp) for __I$use$fp
    ddiv.o(x$fpl$drdiv) refers to ddiv.o(x$fpl$ddiv) for ddiv_entry
    ddiv.o(x$fpl$ddiv) refers (Special) to usenofp.o(x$fpl$usenofp) for __I$use$fp
    ddiv.o(x$fpl$ddiv) refers to dretinf.o(x$fpl$dretinf) for __fpl_dretinf
    ddiv.o(x$fpl$ddiv) refers to dnaninf.o(x$fpl$dnaninf) for __fpl_dnaninf
    dfixu.o(x$fpl$dfixu) refers (Special) to usenofp.o(x$fpl$usenofp) for __I$use$fp
    dfixu.o(x$fpl$dfixu) refers to dnaninf.o(x$fpl$dnaninf) for __fpl_dnaninf
    dfixu.o(x$fpl$dfixur) refers (Special) to usenofp.o(x$fpl$usenofp) for __I$use$fp
    dfixu.o(x$fpl$dfixur) refers to dnaninf.o(x$fpl$dnaninf) for __fpl_dnaninf
    dflt_clz.o(x$fpl$dfltu) refers (Special) to usenofp.o(x$fpl$usenofp) for __I$use$fp
    dflt_clz.o(x$fpl$dflt) refers (Special) to usenofp.o(x$fpl$usenofp) for __I$use$fp
    dflt_clz.o(x$fpl$dfltn) refers (Special) to usenofp.o(x$fpl$usenofp) for __I$use$fp
    dmul.o(x$fpl$dmul) refers (Special) to usenofp.o(x$fpl$usenofp) for __I$use$fp
    dmul.o(x$fpl$dmul) refers to dretinf.o(x$fpl$dretinf) for __fpl_dretinf
    dmul.o(x$fpl$dmul) refers to dnaninf.o(x$fpl$dnaninf) for __fpl_dnaninf
    __rtentry.o(.ARM.Collect$$rtentry$$00000000) refers (Special) to __rtentry2.o(.ARM.Collect$$rtentry$$0000000A) for __rt_entry_li
    __rtentry.o(.ARM.Collect$$rtentry$$00000000) refers (Special) to __rtentry2.o(.ARM.Collect$$rtentry$$0000000D) for __rt_entry_main
    __rtentry.o(.ARM.Collect$$rtentry$$00000000) refers (Special) to __rtentry2.o(.ARM.Collect$$rtentry$$0000000C) for __rt_entry_postli_1
    __rtentry.o(.ARM.Collect$$rtentry$$00000000) refers (Special) to __rtentry2.o(.ARM.Collect$$rtentry$$00000009) for __rt_entry_postsh_1
    __rtentry.o(.ARM.Collect$$rtentry$$00000000) refers (Special) to __rtentry2.o(.ARM.Collect$$rtentry$$00000002) for __rt_entry_presh_1
    __rtentry.o(.ARM.Collect$$rtentry$$00000000) refers (Special) to __rtentry4.o(.ARM.Collect$$rtentry$$00000004) for __rt_entry_sh
    rt_heap_descriptor.o(.text) refers to rt_heap_descriptor.o(.bss) for __rt_heap_descriptor_data
    rt_heap_descriptor_intlibspace.o(.text) refers to libspace.o(.bss) for __libspace_start
    init_alloc.o(.text) refers (Special) to hguard.o(.text) for __heap$guard
    init_alloc.o(.text) refers (Special) to libinit2.o(.ARM.Collect$$libinit$$00000007) for __rt_lib_init_heap_2
    init_alloc.o(.text) refers (Special) to maybetermalloc1.o(.text) for _maybe_terminate_alloc
    init_alloc.o(.text) refers to h1_extend.o(.text) for __Heap_ProvideMemory
    init_alloc.o(.text) refers to defsig_rtmem_outer.o(.text) for __rt_SIGRTMEM
    init_alloc.o(.text) refers to rt_heap_descriptor_intlibspace.o(.text) for __rt_heap_descriptor
    init_alloc.o(.text) refers to h1_init.o(.text) for __Heap_Initialize
    h1_init_threads.o(.text) refers to mutex_dummy.o(.text) for _mutex_initialize
    _get_argv.o(.text) refers (Special) to hrguard.o(.text) for __heap_region$guard
    _get_argv.o(.text) refers to h1_alloc.o(.text) for malloc
    _get_argv.o(.text) refers to defsig_rtmem_outer.o(.text) for __rt_SIGRTMEM
    _get_argv.o(.text) refers to sys_command.o(.text) for _sys_command_string
    libinit2.o(.ARM.Collect$$libinit$$00000007) refers (Weak) to init_alloc.o(.text) for _init_alloc
    libinit2.o(.ARM.Collect$$libinit$$00000012) refers to libinit2.o(.ARM.Collect$$libinit$$00000011) for .ARM.Collect$$libinit$$00000011
    libinit2.o(.ARM.Collect$$libinit$$00000014) refers to libinit2.o(.ARM.Collect$$libinit$$00000011) for .ARM.Collect$$libinit$$00000011
    libinit2.o(.ARM.Collect$$libinit$$00000016) refers to libinit2.o(.ARM.Collect$$libinit$$00000011) for .ARM.Collect$$libinit$$00000011
    libinit2.o(.ARM.Collect$$libinit$$00000018) refers to libinit2.o(.ARM.Collect$$libinit$$00000011) for .ARM.Collect$$libinit$$00000011
    libinit2.o(.ARM.Collect$$libinit$$0000001A) refers to libinit2.o(.ARM.Collect$$libinit$$00000011) for .ARM.Collect$$libinit$$00000011
    libinit2.o(.ARM.Collect$$libinit$$00000028) refers to argv_veneer.o(.emb_text) for __ARM_argv_veneer
    libinit2.o(.ARM.Collect$$libinit$$00000029) refers to argv_veneer.o(.emb_text) for __ARM_argv_veneer
    deqf.o(x$fpl$deqf) refers (Special) to usenofp.o(x$fpl$usenofp) for __I$use$fp
    deqf.o(x$fpl$deqf) refers to dnaninf.o(x$fpl$dnaninf) for __fpl_dnaninf
    deqf.o(x$fpl$deqf) refers to dcmpi.o(x$fpl$dcmpinf) for __fpl_dcmp_Inf
    dgeqf.o(x$fpl$dgeqf) refers (Special) to usenofp.o(x$fpl$usenofp) for __I$use$fp
    dgeqf.o(x$fpl$dgeqf) refers to dnaninf.o(x$fpl$dnaninf) for __fpl_dnaninf
    dgeqf.o(x$fpl$dgeqf) refers to dcmpi.o(x$fpl$dcmpinf) for __fpl_dcmp_Inf
    dleqf.o(x$fpl$dleqf) refers (Special) to usenofp.o(x$fpl$usenofp) for __I$use$fp
    dleqf.o(x$fpl$dleqf) refers to dnaninf.o(x$fpl$dnaninf) for __fpl_dnaninf
    dleqf.o(x$fpl$dleqf) refers to dcmpi.o(x$fpl$dcmpinf) for __fpl_dcmp_Inf
    dnaninf.o(x$fpl$dnaninf) refers (Special) to usenofp.o(x$fpl$usenofp) for __I$use$fp
    dretinf.o(x$fpl$dretinf) refers (Special) to usenofp.o(x$fpl$usenofp) for __I$use$fp
    sys_command.o(.text) refers (Special) to use_no_semi.o(.text) for __I$use$semihosting
    sys_command.o(.text) refers (Special) to indicate_semi.o(.text) for __semihosting_library_function
    sys_command_hlt.o(.text) refers (Special) to use_no_semi.o(.text) for __I$use$semihosting
    sys_command_hlt.o(.text) refers (Special) to indicate_semi.o(.text) for __semihosting_library_function
    libspace.o(.text) refers to libspace.o(.bss) for __libspace_start
    __rtentry2.o(.ARM.Collect$$rtentry$$00000008) refers to boardinit2.o(.text) for _platform_post_stackheap_init
    __rtentry2.o(.ARM.Collect$$rtentry$$0000000A) refers to libinit.o(.ARM.Collect$$libinit$$00000000) for __rt_lib_init
    __rtentry2.o(.ARM.Collect$$rtentry$$0000000B) refers to boardinit3.o(.text) for _platform_post_lib_init
    __rtentry2.o(.ARM.Collect$$rtentry$$0000000D) refers to main.o(.text.main) for main
    __rtentry2.o(.ARM.Collect$$rtentry$$0000000D) refers to exit.o(.text) for exit
    __rtentry2.o(.ARM.exidx) refers to __rtentry2.o(.ARM.Collect$$rtentry$$00000001) for .ARM.Collect$$rtentry$$00000001
    __rtentry2.o(.ARM.exidx) refers to __rtentry2.o(.ARM.Collect$$rtentry$$00000008) for .ARM.Collect$$rtentry$$00000008
    __rtentry2.o(.ARM.exidx) refers to __rtentry2.o(.ARM.Collect$$rtentry$$0000000A) for .ARM.Collect$$rtentry$$0000000A
    __rtentry2.o(.ARM.exidx) refers to __rtentry2.o(.ARM.Collect$$rtentry$$0000000B) for .ARM.Collect$$rtentry$$0000000B
    __rtentry2.o(.ARM.exidx) refers to __rtentry2.o(.ARM.Collect$$rtentry$$0000000D) for .ARM.Collect$$rtentry$$0000000D
    __rtentry4.o(.ARM.Collect$$rtentry$$00000004) refers to sys_stackheap_outer.o(.text) for __user_setup_stackheap
    __rtentry4.o(.ARM.exidx) refers to __rtentry4.o(.ARM.Collect$$rtentry$$00000004) for .ARM.Collect$$rtentry$$00000004
    maybetermalloc2.o(.text) refers (Special) to term_alloc.o(.text) for _terminate_alloc
    h1_extend.o(.text) refers to h1_free.o(.text) for free
    h1_extend_threads.o(.text) refers to h1_free_threads.o(.text) for free_internal$concurrent
    defsig_rtmem_outer.o(.text) refers to defsig_rtmem_inner.o(.text) for __rt_SIGRTMEM_inner
    defsig_rtmem_outer.o(.text) refers to defsig_exit.o(.text) for __sig_exit
    defsig_rtmem_formal.o(.text) refers to rt_raise.o(.text) for __rt_raise
    heapauxa.o(.text) refers to heapauxa.o(.data) for .data
    argv_veneer.o(.emb_text) refers to no_argv.o(.text) for __ARM_get_argv
    dcmpi.o(x$fpl$dcmpinf) refers (Special) to usenofp.o(x$fpl$usenofp) for __I$use$fp
    sys_stackheap_outer.o(.text) refers to libspace.o(.text) for __user_perproc_libspace
    sys_stackheap_outer.o(.text) refers to startup_stm32f10x_ld.o(.text) for __user_initial_stackheap
    rt_raise.o(.text) refers to __raise.o(.text) for __raise
    rt_raise.o(.text) refers to sys_exit.o(.text) for _sys_exit
    term_alloc.o(.text) refers (Special) to libshutdown2.o(.ARM.Collect$$libshutdown$$0000000E) for __rt_lib_shutdown_heap_2
    term_alloc.o(.text) refers to rt_heap_descriptor_intlibspace.o(.text) for __rt_heap_descriptor
    term_alloc.o(.text) refers to h1_final.o(.text) for __Heap_Finalize
    exit.o(.text) refers to rtexit.o(.ARM.Collect$$rtexit$$00000000) for __rt_exit
    defsig_exit.o(.text) refers to sys_exit.o(.text) for _sys_exit
    defsig_rtmem_inner.o(.text) refers to defsig_general.o(.text) for __default_signal_display
    _get_argv_nomalloc.o(.text) refers (Special) to hrguard.o(.text) for __heap_region$guard
    _get_argv_nomalloc.o(.text) refers to defsig_rtmem_outer.o(.text) for __rt_SIGRTMEM
    _get_argv_nomalloc.o(.text) refers to sys_command.o(.text) for _sys_command_string
    libinit.o(.ARM.Collect$$libinit$$00000000) refers (Special) to libinit2.o(.ARM.Collect$$libinit$$00000030) for __rt_lib_init_alloca_1
    libinit.o(.ARM.Collect$$libinit$$00000000) refers (Special) to libinit2.o(.ARM.Collect$$libinit$$0000002E) for __rt_lib_init_argv_1
    libinit.o(.ARM.Collect$$libinit$$00000000) refers (Special) to libinit2.o(.ARM.Collect$$libinit$$0000001D) for __rt_lib_init_atexit_1
    libinit.o(.ARM.Collect$$libinit$$00000000) refers (Special) to libinit2.o(.ARM.Collect$$libinit$$00000023) for __rt_lib_init_clock_1
    libinit.o(.ARM.Collect$$libinit$$00000000) refers (Special) to libinit2.o(.ARM.Collect$$libinit$$00000034) for __rt_lib_init_cpp_1
    libinit.o(.ARM.Collect$$libinit$$00000000) refers (Special) to libinit2.o(.ARM.Collect$$libinit$$00000032) for __rt_lib_init_exceptions_1
    libinit.o(.ARM.Collect$$libinit$$00000000) refers (Special) to libinit2.o(.ARM.Collect$$libinit$$00000002) for __rt_lib_init_fp_1
    libinit.o(.ARM.Collect$$libinit$$00000000) refers (Special) to libinit2.o(.ARM.Collect$$libinit$$00000021) for __rt_lib_init_fp_trap_1
    libinit.o(.ARM.Collect$$libinit$$00000000) refers (Special) to libinit2.o(.ARM.Collect$$libinit$$00000025) for __rt_lib_init_getenv_1
    libinit.o(.ARM.Collect$$libinit$$00000000) refers (Special) to libinit2.o(.ARM.Collect$$libinit$$0000000C) for __rt_lib_init_heap_1
    libinit.o(.ARM.Collect$$libinit$$00000000) refers (Special) to libinit2.o(.ARM.Collect$$libinit$$00000013) for __rt_lib_init_lc_collate_1
    libinit.o(.ARM.Collect$$libinit$$00000000) refers (Special) to libinit2.o(.ARM.Collect$$libinit$$00000015) for __rt_lib_init_lc_ctype_1
    libinit.o(.ARM.Collect$$libinit$$00000000) refers (Special) to libinit2.o(.ARM.Collect$$libinit$$00000017) for __rt_lib_init_lc_monetary_1
    libinit.o(.ARM.Collect$$libinit$$00000000) refers (Special) to libinit2.o(.ARM.Collect$$libinit$$00000019) for __rt_lib_init_lc_numeric_1
    libinit.o(.ARM.Collect$$libinit$$00000000) refers (Special) to libinit2.o(.ARM.Collect$$libinit$$0000001B) for __rt_lib_init_lc_time_1
    libinit.o(.ARM.Collect$$libinit$$00000000) refers (Special) to libinit2.o(.ARM.Collect$$libinit$$00000006) for __rt_lib_init_preinit_1
    libinit.o(.ARM.Collect$$libinit$$00000000) refers (Special) to libinit2.o(.ARM.Collect$$libinit$$00000010) for __rt_lib_init_rand_1
    libinit.o(.ARM.Collect$$libinit$$00000000) refers (Special) to libinit2.o(.ARM.Collect$$libinit$$00000004) for __rt_lib_init_relocate_pie_1
    libinit.o(.ARM.Collect$$libinit$$00000000) refers (Special) to libinit2.o(.ARM.Collect$$libinit$$00000035) for __rt_lib_init_return
    libinit.o(.ARM.Collect$$libinit$$00000000) refers (Special) to libinit2.o(.ARM.Collect$$libinit$$0000001F) for __rt_lib_init_signal_1
    libinit.o(.ARM.Collect$$libinit$$00000000) refers (Special) to libinit2.o(.ARM.Collect$$libinit$$00000027) for __rt_lib_init_stdio_1
    libinit.o(.ARM.Collect$$libinit$$00000000) refers (Special) to libinit2.o(.ARM.Collect$$libinit$$0000000E) for __rt_lib_init_user_alloc_1
    sys_exit.o(.text) refers (Special) to use_no_semi.o(.text) for __I$use$semihosting
    sys_exit.o(.text) refers (Special) to indicate_semi.o(.text) for __semihosting_library_function
    sys_exit_hlt.o(.text) refers (Special) to use_no_semi.o(.text) for __I$use$semihosting
    sys_exit_hlt.o(.text) refers (Special) to indicate_semi.o(.text) for __semihosting_library_function
    rtexit.o(.ARM.Collect$$rtexit$$00000000) refers (Special) to rtexit2.o(.ARM.Collect$$rtexit$$00000004) for __rt_exit_exit
    rtexit.o(.ARM.Collect$$rtexit$$00000000) refers (Special) to rtexit2.o(.ARM.Collect$$rtexit$$00000003) for __rt_exit_ls
    rtexit.o(.ARM.Collect$$rtexit$$00000000) refers (Special) to rtexit2.o(.ARM.Collect$$rtexit$$00000002) for __rt_exit_prels_1
    rtexit.o(.ARM.exidx) refers (Special) to rtexit2.o(.ARM.Collect$$rtexit$$00000004) for __rt_exit_exit
    rtexit.o(.ARM.exidx) refers (Special) to rtexit2.o(.ARM.Collect$$rtexit$$00000003) for __rt_exit_ls
    rtexit.o(.ARM.exidx) refers (Special) to rtexit2.o(.ARM.Collect$$rtexit$$00000002) for __rt_exit_prels_1
    rtexit.o(.ARM.exidx) refers to rtexit.o(.ARM.Collect$$rtexit$$00000000) for .ARM.Collect$$rtexit$$00000000
    __raise.o(.text) refers to defsig.o(CL$$defsig) for __default_signal_handler
    defsig_general.o(.text) refers to sys_wrch.o(.text) for _ttywrch
    libshutdown2.o(.ARM.Collect$$libshutdown$$0000000D) refers (Weak) to term_alloc.o(.text) for _terminate_alloc
    sys_wrch.o(.text) refers (Special) to use_no_semi.o(.text) for __I$use$semihosting
    sys_wrch.o(.text) refers (Special) to indicate_semi.o(.text) for __semihosting_library_function
    sys_wrch_hlt.o(.text) refers (Special) to use_no_semi.o(.text) for __I$use$semihosting
    sys_wrch_hlt.o(.text) refers (Special) to indicate_semi.o(.text) for __semihosting_library_function
    rtexit2.o(.ARM.Collect$$rtexit$$00000003) refers to libshutdown.o(.ARM.Collect$$libshutdown$$00000000) for __rt_lib_shutdown
    rtexit2.o(.ARM.Collect$$rtexit$$00000004) refers to sys_exit.o(.text) for _sys_exit
    rtexit2.o(.ARM.exidx) refers to rtexit2.o(.ARM.Collect$$rtexit$$00000001) for .ARM.Collect$$rtexit$$00000001
    rtexit2.o(.ARM.exidx) refers to rtexit2.o(.ARM.Collect$$rtexit$$00000003) for .ARM.Collect$$rtexit$$00000003
    rtexit2.o(.ARM.exidx) refers to rtexit2.o(.ARM.Collect$$rtexit$$00000004) for .ARM.Collect$$rtexit$$00000004
    defsig.o(CL$$defsig) refers to defsig_rtmem_inner.o(.text) for __rt_SIGRTMEM_inner
    defsig_abrt_inner.o(.text) refers to defsig_general.o(.text) for __default_signal_display
    defsig_fpe_inner.o(.text) refers to defsig_general.o(.text) for __default_signal_display
    defsig_rtred_inner.o(.text) refers to defsig_general.o(.text) for __default_signal_display
    defsig_stak_inner.o(.text) refers to defsig_general.o(.text) for __default_signal_display
    defsig_pvfn_inner.o(.text) refers to defsig_general.o(.text) for __default_signal_display
    defsig_cppl_inner.o(.text) refers to defsig_general.o(.text) for __default_signal_display
    defsig_segv_inner.o(.text) refers to defsig_general.o(.text) for __default_signal_display
    defsig_other.o(.text) refers to defsig_general.o(.text) for __default_signal_display
    libshutdown.o(.ARM.Collect$$libshutdown$$00000000) refers (Special) to libshutdown2.o(.ARM.Collect$$libshutdown$$00000002) for __rt_lib_shutdown_cpp_1
    libshutdown.o(.ARM.Collect$$libshutdown$$00000000) refers (Special) to libshutdown2.o(.ARM.Collect$$libshutdown$$00000007) for __rt_lib_shutdown_fp_trap_1
    libshutdown.o(.ARM.Collect$$libshutdown$$00000000) refers (Special) to libshutdown2.o(.ARM.Collect$$libshutdown$$0000000F) for __rt_lib_shutdown_heap_1
    libshutdown.o(.ARM.Collect$$libshutdown$$00000000) refers (Special) to libshutdown2.o(.ARM.Collect$$libshutdown$$00000010) for __rt_lib_shutdown_return
    libshutdown.o(.ARM.Collect$$libshutdown$$00000000) refers (Special) to libshutdown2.o(.ARM.Collect$$libshutdown$$0000000A) for __rt_lib_shutdown_signal_1
    libshutdown.o(.ARM.Collect$$libshutdown$$00000000) refers (Special) to libshutdown2.o(.ARM.Collect$$libshutdown$$00000004) for __rt_lib_shutdown_stdio_1
    libshutdown.o(.ARM.Collect$$libshutdown$$00000000) refers (Special) to libshutdown2.o(.ARM.Collect$$libshutdown$$0000000C) for __rt_lib_shutdown_user_alloc_1


==============================================================================

Removing Unused input sections from the image.

    Removing main.o(.text), (0 bytes).
    Removing main.o(.ARM.exidx.text.main), (8 bytes).
    Removing main.o(.ARM.exidx.text.setup), (8 bytes).
    Removing main.o(.ARM.exidx.text.shippingInit), (8 bytes).
    Removing main.o(.ARM.exidx.text.getLightLevel), (8 bytes).
    Removing main.o(.ARM.exidx.text.USART2_IRQHandler), (8 bytes).
    Removing main.o(.ARM.use_no_argv), (4 bytes).
    Removing gp_driver.o(.text), (0 bytes).
    Removing gp_driver.o(.ARM.exidx.text.gpio_init), (8 bytes).
    Removing gp_driver.o(.ARM.exidx.text.read_GP), (8 bytes).
    Removing gp_driver.o(.ARM.exidx.text.write_GP), (8 bytes).
    Removing gp_driver.o(.ARM.exidx.text.toggle_GP), (8 bytes).
    Removing help_func.o(.text), (0 bytes).
    Removing help_func.o(.text.str_len), (34 bytes).
    Removing help_func.o(.ARM.exidx.text.str_len), (8 bytes).
    Removing help_func.o(.text.str_find), (144 bytes).
    Removing help_func.o(.ARM.exidx.text.str_find), (8 bytes).
    Removing help_func.o(.text.str_exact), (70 bytes).
    Removing help_func.o(.ARM.exidx.text.str_exact), (8 bytes).
    Removing help_func.o(.text.str_merge), (70 bytes).
    Removing help_func.o(.ARM.exidx.text.str_merge), (8 bytes).
    Removing help_func.o(.ARM.exidx.text.int2char), (8 bytes).
    Removing help_func.o(.text.char2int), (76 bytes).
    Removing help_func.o(.ARM.exidx.text.char2int), (8 bytes).
    Removing help_func.o(.ARM.exidx.text.str_empty), (8 bytes).
    Removing systick_delay.o(.text), (0 bytes).
    Removing systick_delay.o(.ARM.exidx.text.systick_init), (8 bytes).
    Removing systick_delay.o(.ARM.exidx.text.createMili), (8 bytes).
    Removing systick_delay.o(.ARM.exidx.text.delayMS), (8 bytes).
    Removing systick_delay.o(.ARM.exidx.text.systick_interrup_start), (8 bytes).
    Removing uart_driver.o(.text), (0 bytes).
    Removing uart_driver.o(.ARM.exidx.text.uart_init), (8 bytes).
    Removing uart_driver.o(.ARM.exidx.text.USART_BRR), (8 bytes).
    Removing uart_driver.o(.ARM.exidx.text.__NVIC_EnableIRQ), (8 bytes).
    Removing uart_driver.o(.ARM.exidx.text.uart_RX), (8 bytes).
    Removing uart_driver.o(.ARM.exidx.text.uart_TX), (8 bytes).
    Removing uart_driver.o(.ARM.exidx.text.uart_TX_hex), (8 bytes).
    Removing uart_driver.o(.ARM.exidx.text.uart_ISR), (8 bytes).
    Removing uart_driver.o(.ARM.exidx.text.uart_send), (8 bytes).
    Removing uart_driver.o(.text.uart_message), (76 bytes).
    Removing uart_driver.o(.ARM.exidx.text.uart_message), (8 bytes).
    Removing uart_driver.o(.text.systick_interrupt), (168 bytes).
    Removing uart_driver.o(.ARM.exidx.text.systick_interrupt), (8 bytes).
    Removing adc_driver.o(.text), (0 bytes).
    Removing adc_driver.o(.ARM.exidx.text.adc_init), (8 bytes).
    Removing adc_driver.o(.ARM.exidx.text.adc_check), (8 bytes).
    Removing adc_driver.o(.ARM.exidx.text.adc_get), (8 bytes).
    Removing system_stm32f10x.o(.text), (0 bytes).
    Removing system_stm32f10x.o(.ARM.exidx.text.SystemInit), (8 bytes).
    Removing system_stm32f10x.o(.ARM.exidx.text.SetSysClock), (8 bytes).
    Removing system_stm32f10x.o(.text.SystemCoreClockUpdate), (290 bytes).
    Removing system_stm32f10x.o(.ARM.exidx.text.SystemCoreClockUpdate), (8 bytes).
    Removing system_stm32f10x.o(.ARM.exidx.text.SetSysClockTo72), (8 bytes).
    Removing system_stm32f10x.o(.data.SystemCoreClock), (4 bytes).
    Removing system_stm32f10x.o(.rodata.AHBPrescTable), (16 bytes).

55 unused section(s) (total 1248 bytes) removed from the image.

==============================================================================

Image Symbol Table

    Local Symbols

    Symbol Name                              Value     Ov Type        Size  Object(Section)

    ../clib/angel/boardlib.s                 0x00000000   Number         0  boardinit1.o ABSOLUTE
    ../clib/angel/boardlib.s                 0x00000000   Number         0  boardinit2.o ABSOLUTE
    ../clib/angel/boardlib.s                 0x00000000   Number         0  boardinit3.o ABSOLUTE
    ../clib/angel/boardlib.s                 0x00000000   Number         0  boardshut.o ABSOLUTE
    ../clib/angel/handlers.s                 0x00000000   Number         0  __scatter_zi.o ABSOLUTE
    ../clib/angel/kernel.s                   0x00000000   Number         0  __rtentry.o ABSOLUTE
    ../clib/angel/kernel.s                   0x00000000   Number         0  __rtentry2.o ABSOLUTE
    ../clib/angel/kernel.s                   0x00000000   Number         0  __rtentry4.o ABSOLUTE
    ../clib/angel/kernel.s                   0x00000000   Number         0  rtexit.o ABSOLUTE
    ../clib/angel/kernel.s                   0x00000000   Number         0  rtexit2.o ABSOLUTE
    ../clib/angel/rt.s                       0x00000000   Number         0  rt_heap_descriptor.o ABSOLUTE
    ../clib/angel/rt.s                       0x00000000   Number         0  rt_heap_descriptor_intlibspace.o ABSOLUTE
    ../clib/angel/rt.s                       0x00000000   Number         0  rt_raise.o ABSOLUTE
    ../clib/angel/scatter.s                  0x00000000   Number         0  __scatter.o ABSOLUTE
    ../clib/angel/startup.s                  0x00000000   Number         0  __main.o ABSOLUTE
    ../clib/angel/sys.s                      0x00000000   Number         0  mutex_dummy.o ABSOLUTE
    ../clib/angel/sys.s                      0x00000000   Number         0  libspace.o ABSOLUTE
    ../clib/angel/sys.s                      0x00000000   Number         0  use_no_semi.o ABSOLUTE
    ../clib/angel/sys.s                      0x00000000   Number         0  indicate_semi.o ABSOLUTE
    ../clib/angel/sys.s                      0x00000000   Number         0  sys_stackheap_outer.o ABSOLUTE
    ../clib/angel/sysapp.c                   0x00000000   Number         0  sys_command.o ABSOLUTE
    ../clib/angel/sysapp.c                   0x00000000   Number         0  sys_command_hlt.o ABSOLUTE
    ../clib/angel/sysapp.c                   0x00000000   Number         0  sys_exit.o ABSOLUTE
    ../clib/angel/sysapp.c                   0x00000000   Number         0  sys_exit_hlt.o ABSOLUTE
    ../clib/angel/sysapp.c                   0x00000000   Number         0  sys_wrch.o ABSOLUTE
    ../clib/angel/sysapp.c                   0x00000000   Number         0  sys_wrch_hlt.o ABSOLUTE
    ../clib/armsys.c                         0x00000000   Number         0  _get_argv.o ABSOLUTE
    ../clib/armsys.c                         0x00000000   Number         0  argv_veneer.o ABSOLUTE
    ../clib/armsys.c                         0x00000000   Number         0  argv_veneer.o ABSOLUTE
    ../clib/armsys.c                         0x00000000   Number         0  _get_argv_nomalloc.o ABSOLUTE
    ../clib/armsys.c                         0x00000000   Number         0  no_argv.o ABSOLUTE
    ../clib/heap1.c                          0x00000000   Number         0  h1_alloc.o ABSOLUTE
    ../clib/heap1.c                          0x00000000   Number         0  h1_free.o ABSOLUTE
    ../clib/heap1.c                          0x00000000   Number         0  h1_alloc_threads.o ABSOLUTE
    ../clib/heap1.c                          0x00000000   Number         0  h1_free_threads.o ABSOLUTE
    ../clib/heap1.c                          0x00000000   Number         0  h1_init.o ABSOLUTE
    ../clib/heap1.c                          0x00000000   Number         0  h1_init_threads.o ABSOLUTE
    ../clib/heap1.c                          0x00000000   Number         0  h1_extend.o ABSOLUTE
    ../clib/heap1.c                          0x00000000   Number         0  h1_extend_threads.o ABSOLUTE
    ../clib/heap1.c                          0x00000000   Number         0  h1_final.o ABSOLUTE
    ../clib/heap1.c                          0x00000000   Number         0  h1_final_threads.o ABSOLUTE
    ../clib/heap2.c                          0x00000000   Number         0  heap2.o ABSOLUTE
    ../clib/heap2.c                          0x00000000   Number         0  heap2_threads.o ABSOLUTE
    ../clib/heap2.c                          0x00000000   Number         0  fdtree.o ABSOLUTE
    ../clib/heapalloc.c                      0x00000000   Number         0  malloc.o ABSOLUTE
    ../clib/heapalloc.c                      0x00000000   Number         0  free.o ABSOLUTE
    ../clib/heapalloc.c                      0x00000000   Number         0  hguard.o ABSOLUTE
    ../clib/heapalloc.c                      0x00000000   Number         0  init_alloc.o ABSOLUTE
    ../clib/heapalloc.c                      0x00000000   Number         0  heapstubs.o ABSOLUTE
    ../clib/heapalloc.c                      0x00000000   Number         0  hrguard.o ABSOLUTE
    ../clib/heapalloc.c                      0x00000000   Number         0  term_alloc.o ABSOLUTE
    ../clib/heapaux.c                        0x00000000   Number         0  heapauxi.o ABSOLUTE
    ../clib/heapaux.c                        0x00000000   Number         0  heapauxa.o ABSOLUTE
    ../clib/libinit.s                        0x00000000   Number         0  libinit2.o ABSOLUTE
    ../clib/libinit.s                        0x00000000   Number         0  libinit.o ABSOLUTE
    ../clib/libinit.s                        0x00000000   Number         0  libshutdown2.o ABSOLUTE
    ../clib/libinit.s                        0x00000000   Number         0  libshutdown.o ABSOLUTE
    ../clib/maybe.s                          0x00000000   Number         0  maybetermalloc1.o ABSOLUTE
    ../clib/maybe.s                          0x00000000   Number         0  maybetermalloc2.o ABSOLUTE
    ../clib/memcpset.s                       0x00000000   Number         0  rt_memcpy_w.o ABSOLUTE
    ../clib/signal.c                         0x00000000   Number         0  defsig_rtmem_outer.o ABSOLUTE
    ../clib/signal.c                         0x00000000   Number         0  defsig_rtmem_formal.o ABSOLUTE
    ../clib/signal.c                         0x00000000   Number         0  defsig_exit.o ABSOLUTE
    ../clib/signal.c                         0x00000000   Number         0  defsig_rtmem_inner.o ABSOLUTE
    ../clib/signal.c                         0x00000000   Number         0  __raise.o ABSOLUTE
    ../clib/signal.c                         0x00000000   Number         0  defsig_general.o ABSOLUTE
    ../clib/signal.c                         0x00000000   Number         0  defsig_abrt_inner.o ABSOLUTE
    ../clib/signal.c                         0x00000000   Number         0  defsig_fpe_inner.o ABSOLUTE
    ../clib/signal.c                         0x00000000   Number         0  defsig_rtred_inner.o ABSOLUTE
    ../clib/signal.c                         0x00000000   Number         0  defsig_stak_inner.o ABSOLUTE
    ../clib/signal.c                         0x00000000   Number         0  defsig_pvfn_inner.o ABSOLUTE
    ../clib/signal.c                         0x00000000   Number         0  defsig_cppl_inner.o ABSOLUTE
    ../clib/signal.c                         0x00000000   Number         0  defsig_segv_inner.o ABSOLUTE
    ../clib/signal.c                         0x00000000   Number         0  defsig_other.o ABSOLUTE
    ../clib/signal.s                         0x00000000   Number         0  defsig.o ABSOLUTE
    ../clib/stdlib.c                         0x00000000   Number         0  exit.o ABSOLUTE
    ../fplib/daddsub.s                       0x00000000   Number         0  daddsub_clz.o ABSOLUTE
    ../fplib/dcmp.s                          0x00000000   Number         0  dcmp.o ABSOLUTE
    ../fplib/dcmpi.s                         0x00000000   Number         0  dcmpi.o ABSOLUTE
    ../fplib/ddiv.s                          0x00000000   Number         0  ddiv.o ABSOLUTE
    ../fplib/deqf.s                          0x00000000   Number         0  deqf.o ABSOLUTE
    ../fplib/dfixu.s                         0x00000000   Number         0  dfixu.o ABSOLUTE
    ../fplib/dflt.s                          0x00000000   Number         0  dflt_clz.o ABSOLUTE
    ../fplib/dgeqf.s                         0x00000000   Number         0  dgeqf.o ABSOLUTE
    ../fplib/dleqf.s                         0x00000000   Number         0  dleqf.o ABSOLUTE
    ../fplib/dmul.s                          0x00000000   Number         0  dmul.o ABSOLUTE
    ../fplib/dnaninf.s                       0x00000000   Number         0  dnaninf.o ABSOLUTE
    ../fplib/dretinf.s                       0x00000000   Number         0  dretinf.o ABSOLUTE
    ../fplib/fpinit.s                        0x00000000   Number         0  fpinit.o ABSOLUTE
    ../fplib/fpinit_empty.s                  0x00000000   Number         0  fpinit_empty.o ABSOLUTE
    ../fplib/usenofp.s                       0x00000000   Number         0  usenofp.o ABSOLUTE
    RTE/Device/STM32F103C6/startup_stm32f10x_ld.s 0x00000000   Number         0  startup_stm32f10x_ld.o ABSOLUTE
    adc_driver.c                             0x00000000   Number         0  adc_driver.o ABSOLUTE
    dc.s                                     0x00000000   Number         0  dc.o ABSOLUTE
    gp_driver.c                              0x00000000   Number         0  gp_driver.o ABSOLUTE
    help_func.c                              0x00000000   Number         0  help_func.o ABSOLUTE
    main.c                                   0x00000000   Number         0  main.o ABSOLUTE
    system_stm32f10x.c                       0x00000000   Number         0  system_stm32f10x.o ABSOLUTE
    systick_delay.c                          0x00000000   Number         0  systick_delay.o ABSOLUTE
    uart_driver.c                            0x00000000   Number         0  uart_driver.o ABSOLUTE
    RESET                                    0x08000000   Section      236  startup_stm32f10x_ld.o(RESET)
    !!!main                                  0x080000ec   Section        8  __main.o(!!!main)
    !!!scatter                               0x080000f4   Section       52  __scatter.o(!!!scatter)
    !!handler_zi                             0x08000128   Section       28  __scatter_zi.o(!!handler_zi)
    .ARM.Collect$$libinit$$00000000          0x08000144   Section        2  libinit.o(.ARM.Collect$$libinit$$00000000)
    .ARM.Collect$$libinit$$00000002          0x08000146   Section        0  libinit2.o(.ARM.Collect$$libinit$$00000002)
    .ARM.Collect$$libinit$$00000004          0x08000146   Section        0  libinit2.o(.ARM.Collect$$libinit$$00000004)
    .ARM.Collect$$libinit$$00000006          0x08000146   Section        0  libinit2.o(.ARM.Collect$$libinit$$00000006)
    .ARM.Collect$$libinit$$00000007          0x08000146   Section        8  libinit2.o(.ARM.Collect$$libinit$$00000007)
    .ARM.Collect$$libinit$$0000000C          0x0800014e   Section        0  libinit2.o(.ARM.Collect$$libinit$$0000000C)
    .ARM.Collect$$libinit$$0000000E          0x0800014e   Section        0  libinit2.o(.ARM.Collect$$libinit$$0000000E)
    .ARM.Collect$$libinit$$00000010          0x0800014e   Section        0  libinit2.o(.ARM.Collect$$libinit$$00000010)
    .ARM.Collect$$libinit$$00000013          0x0800014e   Section        0  libinit2.o(.ARM.Collect$$libinit$$00000013)
    .ARM.Collect$$libinit$$00000015          0x0800014e   Section        0  libinit2.o(.ARM.Collect$$libinit$$00000015)
    .ARM.Collect$$libinit$$00000017          0x0800014e   Section        0  libinit2.o(.ARM.Collect$$libinit$$00000017)
    .ARM.Collect$$libinit$$00000019          0x0800014e   Section        0  libinit2.o(.ARM.Collect$$libinit$$00000019)
    .ARM.Collect$$libinit$$0000001B          0x0800014e   Section        0  libinit2.o(.ARM.Collect$$libinit$$0000001B)
    .ARM.Collect$$libinit$$0000001D          0x0800014e   Section        0  libinit2.o(.ARM.Collect$$libinit$$0000001D)
    .ARM.Collect$$libinit$$0000001F          0x0800014e   Section        0  libinit2.o(.ARM.Collect$$libinit$$0000001F)
    .ARM.Collect$$libinit$$00000021          0x0800014e   Section        0  libinit2.o(.ARM.Collect$$libinit$$00000021)
    .ARM.Collect$$libinit$$00000023          0x0800014e   Section        0  libinit2.o(.ARM.Collect$$libinit$$00000023)
    .ARM.Collect$$libinit$$00000025          0x0800014e   Section        0  libinit2.o(.ARM.Collect$$libinit$$00000025)
    .ARM.Collect$$libinit$$00000027          0x0800014e   Section        0  libinit2.o(.ARM.Collect$$libinit$$00000027)
    .ARM.Collect$$libinit$$0000002E          0x0800014e   Section        0  libinit2.o(.ARM.Collect$$libinit$$0000002E)
    .ARM.Collect$$libinit$$00000030          0x0800014e   Section        0  libinit2.o(.ARM.Collect$$libinit$$00000030)
    .ARM.Collect$$libinit$$00000032          0x0800014e   Section        0  libinit2.o(.ARM.Collect$$libinit$$00000032)
    .ARM.Collect$$libinit$$00000034          0x0800014e   Section        0  libinit2.o(.ARM.Collect$$libinit$$00000034)
    .ARM.Collect$$libinit$$00000035          0x0800014e   Section        2  libinit2.o(.ARM.Collect$$libinit$$00000035)
    .ARM.Collect$$libshutdown$$00000000      0x08000150   Section        2  libshutdown.o(.ARM.Collect$$libshutdown$$00000000)
    .ARM.Collect$$libshutdown$$00000002      0x08000152   Section        0  libshutdown2.o(.ARM.Collect$$libshutdown$$00000002)
    .ARM.Collect$$libshutdown$$00000004      0x08000152   Section        0  libshutdown2.o(.ARM.Collect$$libshutdown$$00000004)
    .ARM.Collect$$libshutdown$$00000007      0x08000152   Section        0  libshutdown2.o(.ARM.Collect$$libshutdown$$00000007)
    .ARM.Collect$$libshutdown$$0000000A      0x08000152   Section        0  libshutdown2.o(.ARM.Collect$$libshutdown$$0000000A)
    .ARM.Collect$$libshutdown$$0000000C      0x08000152   Section        0  libshutdown2.o(.ARM.Collect$$libshutdown$$0000000C)
    .ARM.Collect$$libshutdown$$0000000F      0x08000152   Section        0  libshutdown2.o(.ARM.Collect$$libshutdown$$0000000F)
    .ARM.Collect$$libshutdown$$00000010      0x08000152   Section        2  libshutdown2.o(.ARM.Collect$$libshutdown$$00000010)
    .ARM.Collect$$rtentry$$00000000          0x08000154   Section        0  __rtentry.o(.ARM.Collect$$rtentry$$00000000)
    .ARM.Collect$$rtentry$$00000002          0x08000154   Section        0  __rtentry2.o(.ARM.Collect$$rtentry$$00000002)
    .ARM.Collect$$rtentry$$00000004          0x08000154   Section        6  __rtentry4.o(.ARM.Collect$$rtentry$$00000004)
    .ARM.Collect$$rtentry$$00000009          0x0800015a   Section        0  __rtentry2.o(.ARM.Collect$$rtentry$$00000009)
    .ARM.Collect$$rtentry$$0000000A          0x0800015a   Section        4  __rtentry2.o(.ARM.Collect$$rtentry$$0000000A)
    .ARM.Collect$$rtentry$$0000000C          0x0800015e   Section        0  __rtentry2.o(.ARM.Collect$$rtentry$$0000000C)
    .ARM.Collect$$rtentry$$0000000D          0x0800015e   Section        8  __rtentry2.o(.ARM.Collect$$rtentry$$0000000D)
    .ARM.Collect$$rtexit$$00000000           0x08000166   Section        2  rtexit.o(.ARM.Collect$$rtexit$$00000000)
    .ARM.Collect$$rtexit$$00000002           0x08000168   Section        0  rtexit2.o(.ARM.Collect$$rtexit$$00000002)
    .ARM.Collect$$rtexit$$00000003           0x08000168   Section        4  rtexit2.o(.ARM.Collect$$rtexit$$00000003)
    .ARM.Collect$$rtexit$$00000004           0x0800016c   Section        6  rtexit2.o(.ARM.Collect$$rtexit$$00000004)
    .text                                    0x08000174   Section       64  startup_stm32f10x_ld.o(.text)
    .text                                    0x080001b4   Section        0  h1_alloc.o(.text)
    .text                                    0x08000212   Section        0  h1_free.o(.text)
    .text                                    0x08000260   Section        0  heapauxi.o(.text)
    .text                                    0x08000268   Section        8  rt_heap_descriptor_intlibspace.o(.text)
    .text                                    0x08000270   Section        0  hguard.o(.text)
    .text                                    0x08000274   Section        0  init_alloc.o(.text)
    .text                                    0x080002fe   Section        0  h1_init.o(.text)
    .text                                    0x0800030c   Section        8  libspace.o(.text)
    .text                                    0x08000314   Section        0  maybetermalloc1.o(.text)
    .text                                    0x08000314   Section        0  h1_extend.o(.text)
    .text                                    0x08000348   Section        0  defsig_rtmem_outer.o(.text)
    .text                                    0x08000356   Section        2  use_no_semi.o(.text)
    .text                                    0x08000358   Section        0  indicate_semi.o(.text)
    .text                                    0x08000358   Section       74  sys_stackheap_outer.o(.text)
    .text                                    0x080003a2   Section        0  exit.o(.text)
    .text                                    0x080003b4   Section        0  defsig_exit.o(.text)
    .text                                    0x080003c0   Section        0  defsig_rtmem_inner.o(.text)
    .text                                    0x08000410   Section        0  sys_exit.o(.text)
    .text                                    0x0800041c   Section        0  defsig_general.o(.text)
    .text                                    0x0800044e   Section        0  sys_wrch.o(.text)
    SetSysClock                              0x0800045d   Thumb Code     8  system_stm32f10x.o(.text.SetSysClock)
    [Anonymous Symbol]                       0x0800045c   Section        0  system_stm32f10x.o(.text.SetSysClock)
    SetSysClockTo72                          0x08000465   Thumb Code   290  system_stm32f10x.o(.text.SetSysClockTo72)
    [Anonymous Symbol]                       0x08000464   Section        0  system_stm32f10x.o(.text.SetSysClockTo72)
    [Anonymous Symbol]                       0x08000588   Section        0  system_stm32f10x.o(.text.SystemInit)
    [Anonymous Symbol]                       0x080005f0   Section        0  main.o(.text.USART2_IRQHandler)
    [Anonymous Symbol]                       0x08000604   Section        0  uart_driver.o(.text.USART_BRR)
    __NVIC_EnableIRQ                         0x0800071d   Thumb Code    48  uart_driver.o(.text.__NVIC_EnableIRQ)
    [Anonymous Symbol]                       0x0800071c   Section        0  uart_driver.o(.text.__NVIC_EnableIRQ)
    [Anonymous Symbol]                       0x0800074c   Section        0  adc_driver.o(.text.adc_check)
    [Anonymous Symbol]                       0x080007b8   Section        0  adc_driver.o(.text.adc_get)
    [Anonymous Symbol]                       0x08000824   Section        0  adc_driver.o(.text.adc_init)
    [Anonymous Symbol]                       0x08000990   Section        0  systick_delay.o(.text.createMili)
    [Anonymous Symbol]                       0x080009c8   Section        0  systick_delay.o(.text.delayMS)
    [Anonymous Symbol]                       0x080009e8   Section        0  main.o(.text.getLightLevel)
    [Anonymous Symbol]                       0x08000a44   Section        0  gp_driver.o(.text.gpio_init)
    [Anonymous Symbol]                       0x08000b40   Section        0  help_func.o(.text.int2char)
    [Anonymous Symbol]                       0x08000bdc   Section        0  main.o(.text.main)
    [Anonymous Symbol]                       0x08000f2c   Section        0  gp_driver.o(.text.read_GP)
    [Anonymous Symbol]                       0x08000fac   Section        0  main.o(.text.setup)
    [Anonymous Symbol]                       0x0800101c   Section        0  main.o(.text.shippingInit)
    [Anonymous Symbol]                       0x08001088   Section        0  help_func.o(.text.str_empty)
    [Anonymous Symbol]                       0x080010b0   Section        0  systick_delay.o(.text.systick_init)
    [Anonymous Symbol]                       0x080010dc   Section        0  systick_delay.o(.text.systick_interrup_start)
    [Anonymous Symbol]                       0x08001110   Section        0  gp_driver.o(.text.toggle_GP)
    [Anonymous Symbol]                       0x08001150   Section        0  uart_driver.o(.text.uart_ISR)
    [Anonymous Symbol]                       0x080011e0   Section        0  uart_driver.o(.text.uart_RX)
    [Anonymous Symbol]                       0x08001284   Section        0  uart_driver.o(.text.uart_TX)
    [Anonymous Symbol]                       0x08001328   Section        0  uart_driver.o(.text.uart_TX_hex)
    [Anonymous Symbol]                       0x080013cc   Section        0  uart_driver.o(.text.uart_init)
    [Anonymous Symbol]                       0x080014ec   Section        0  uart_driver.o(.text.uart_send)
    [Anonymous Symbol]                       0x08001528   Section        0  gp_driver.o(.text.write_GP)
    x$fpl$dadd                               0x080015c8   Section      336  daddsub_clz.o(x$fpl$dadd)
    _dadd1                                   0x080015d9   Thumb Code     0  daddsub_clz.o(x$fpl$dadd)
    x$fpl$dcmpinf                            0x08001718   Section       24  dcmpi.o(x$fpl$dcmpinf)
    x$fpl$ddiv                               0x08001730   Section      692  ddiv.o(x$fpl$ddiv)
    ddiv_entry                               0x08001737   Thumb Code     0  ddiv.o(x$fpl$ddiv)
    x$fpl$deqf                               0x080019e4   Section      120  deqf.o(x$fpl$deqf)
    x$fpl$dfixu                              0x08001a5c   Section       90  dfixu.o(x$fpl$dfixu)
    x$fpl$dfltu                              0x08001ab6   Section       38  dflt_clz.o(x$fpl$dfltu)
    x$fpl$dgeqf                              0x08001adc   Section      120  dgeqf.o(x$fpl$dgeqf)
    x$fpl$dleqf                              0x08001b54   Section      120  dleqf.o(x$fpl$dleqf)
    x$fpl$dmul                               0x08001bcc   Section      340  dmul.o(x$fpl$dmul)
    x$fpl$dnaninf                            0x08001d20   Section      156  dnaninf.o(x$fpl$dnaninf)
    x$fpl$dretinf                            0x08001dbc   Section       12  dretinf.o(x$fpl$dretinf)
    x$fpl$dsub                               0x08001dc8   Section      476  daddsub_clz.o(x$fpl$dsub)
    _dsub1                                   0x08001dd9   Thumb Code     0  daddsub_clz.o(x$fpl$dsub)
    x$fpl$fcmp                               0x08001fa4   Section       84  dcmp.o(x$fpl$fcmp)
    .L__const.main.offsetValue               0x08001ff8   Data          48  main.o(.rodata..L__const.main.offsetValue)
    x$fpl$usenofp                            0x08001ff8   Section        0  usenofp.o(x$fpl$usenofp)
    .L.str.7                                 0x08002028   Data          16  main.o(.rodata.str1.1)
    [Anonymous Symbol]                       0x08002028   Section        0  main.o(.rodata.str1.1)
    .L.str.9                                 0x08002038   Data          10  main.o(.rodata.str1.1)
    .L.str.13                                0x08002042   Data          18  main.o(.rodata.str1.1)
    .L.str.6                                 0x08002054   Data          22  main.o(.rodata.str1.1)
    .L.str.12                                0x0800206a   Data          14  main.o(.rodata.str1.1)
    .L.str.8                                 0x08002078   Data          11  main.o(.rodata.str1.1)
    .L.str.10                                0x080020c2   Data          19  main.o(.rodata.str1.1)
    .L.str.11                                0x080020d5   Data           6  main.o(.rodata.str1.1)
    .bss                                     0x20000000   Section       96  libspace.o(.bss)
    Heap_Mem                                 0x20000840   Data         512  startup_stm32f10x_ld.o(HEAP)
    HEAP                                     0x20000840   Section      512  startup_stm32f10x_ld.o(HEAP)
    Stack_Mem                                0x20000a40   Data        1024  startup_stm32f10x_ld.o(STACK)
    STACK                                    0x20000a40   Section     1024  startup_stm32f10x_ld.o(STACK)
    __initial_sp                             0x20000e40   Data           0  startup_stm32f10x_ld.o(STACK)

    Global Symbols

    Symbol Name                              Value     Ov Type        Size  Object(Section)

    BuildAttributes$$THM_ISAv4$P$D$K$B$S$PE$A:L22UL41UL21$X:L11$S22US41US21$IEEE1$IW$~IW$USESV6$~STKCKD$USESV7$~SHL$OTIME$ROPI$EBA8$UX$STANDARDLIB$REQ8$PRES8$EABIv2 0x00000000   Number         0  anon$$obj.o ABSOLUTE
    __fp_init_empty                          0x00000000   Number         0  fpinit_empty.o ABSOLUTE
    __ARM_exceptions_init                     - Undefined Weak Reference
    __alloca_initialize                       - Undefined Weak Reference
    __arm_preinit_                            - Undefined Weak Reference
    __arm_relocate_pie_                       - Undefined Weak Reference
    __cpp_initialize__aeabi_                  - Undefined Weak Reference
    __cxa_finalize                            - Undefined Weak Reference
    __rt_locale                               - Undefined Weak Reference
    __sigvec_lookup                           - Undefined Weak Reference
    __user_heap_extent                        - Undefined Weak Reference
    _atexit_init                              - Undefined Weak Reference
    _call_atexit_fns                          - Undefined Weak Reference
    _clock_init                               - Undefined Weak Reference
    _fp_trap_init                             - Undefined Weak Reference
    _fp_trap_shutdown                         - Undefined Weak Reference
    _get_lc_collate                           - Undefined Weak Reference
    _get_lc_ctype                             - Undefined Weak Reference
    _get_lc_monetary                          - Undefined Weak Reference
    _get_lc_numeric                           - Undefined Weak Reference
    _get_lc_time                              - Undefined Weak Reference
    _getenv_init                              - Undefined Weak Reference
    _handle_redirection                       - Undefined Weak Reference
    _initio                                   - Undefined Weak Reference
    _mutex_acquire                            - Undefined Weak Reference
    _mutex_free                               - Undefined Weak Reference
    _mutex_release                            - Undefined Weak Reference
    _rand_init                                - Undefined Weak Reference
    _signal_finish                            - Undefined Weak Reference
    _signal_init                              - Undefined Weak Reference
    _terminateio                              - Undefined Weak Reference
    __Vectors_Size                           0x000000ec   Number         0  startup_stm32f10x_ld.o ABSOLUTE
    __Vectors                                0x08000000   Data           4  startup_stm32f10x_ld.o(RESET)
    __Vectors_End                            0x080000ec   Data           0  startup_stm32f10x_ld.o(RESET)
    __main                                   0x080000ed   Thumb Code     8  __main.o(!!!main)
    __scatterload                            0x080000f5   Thumb Code     0  __scatter.o(!!!scatter)
    __scatterload_rt2                        0x080000f5   Thumb Code    44  __scatter.o(!!!scatter)
    __scatterload_rt2_thumb_only             0x080000f5   Thumb Code     0  __scatter.o(!!!scatter)
    __scatterload_null                       0x08000103   Thumb Code     0  __scatter.o(!!!scatter)
    __scatterload_zeroinit                   0x08000129   Thumb Code    28  __scatter_zi.o(!!handler_zi)
    __rt_lib_init                            0x08000145   Thumb Code     0  libinit.o(.ARM.Collect$$libinit$$00000000)
    __rt_lib_init_fp_1                       0x08000147   Thumb Code     0  libinit2.o(.ARM.Collect$$libinit$$00000002)
    __rt_lib_init_heap_2                     0x08000147   Thumb Code     0  libinit2.o(.ARM.Collect$$libinit$$00000007)
    __rt_lib_init_preinit_1                  0x08000147   Thumb Code     0  libinit2.o(.ARM.Collect$$libinit$$00000006)
    __rt_lib_init_relocate_pie_1             0x08000147   Thumb Code     0  libinit2.o(.ARM.Collect$$libinit$$00000004)
    __rt_lib_init_alloca_1                   0x0800014f   Thumb Code     0  libinit2.o(.ARM.Collect$$libinit$$00000030)
    __rt_lib_init_argv_1                     0x0800014f   Thumb Code     0  libinit2.o(.ARM.Collect$$libinit$$0000002E)
    __rt_lib_init_atexit_1                   0x0800014f   Thumb Code     0  libinit2.o(.ARM.Collect$$libinit$$0000001D)
    __rt_lib_init_clock_1                    0x0800014f   Thumb Code     0  libinit2.o(.ARM.Collect$$libinit$$00000023)
    __rt_lib_init_cpp_1                      0x0800014f   Thumb Code     0  libinit2.o(.ARM.Collect$$libinit$$00000034)
    __rt_lib_init_exceptions_1               0x0800014f   Thumb Code     0  libinit2.o(.ARM.Collect$$libinit$$00000032)
    __rt_lib_init_fp_trap_1                  0x0800014f   Thumb Code     0  libinit2.o(.ARM.Collect$$libinit$$00000021)
    __rt_lib_init_getenv_1                   0x0800014f   Thumb Code     0  libinit2.o(.ARM.Collect$$libinit$$00000025)
    __rt_lib_init_heap_1                     0x0800014f   Thumb Code     0  libinit2.o(.ARM.Collect$$libinit$$0000000C)
    __rt_lib_init_lc_collate_1               0x0800014f   Thumb Code     0  libinit2.o(.ARM.Collect$$libinit$$00000013)
    __rt_lib_init_lc_ctype_1                 0x0800014f   Thumb Code     0  libinit2.o(.ARM.Collect$$libinit$$00000015)
    __rt_lib_init_lc_monetary_1              0x0800014f   Thumb Code     0  libinit2.o(.ARM.Collect$$libinit$$00000017)
    __rt_lib_init_lc_numeric_1               0x0800014f   Thumb Code     0  libinit2.o(.ARM.Collect$$libinit$$00000019)
    __rt_lib_init_lc_time_1                  0x0800014f   Thumb Code     0  libinit2.o(.ARM.Collect$$libinit$$0000001B)
    __rt_lib_init_rand_1                     0x0800014f   Thumb Code     0  libinit2.o(.ARM.Collect$$libinit$$00000010)
    __rt_lib_init_return                     0x0800014f   Thumb Code     0  libinit2.o(.ARM.Collect$$libinit$$00000035)
    __rt_lib_init_signal_1                   0x0800014f   Thumb Code     0  libinit2.o(.ARM.Collect$$libinit$$0000001F)
    __rt_lib_init_stdio_1                    0x0800014f   Thumb Code     0  libinit2.o(.ARM.Collect$$libinit$$00000027)
    __rt_lib_init_user_alloc_1               0x0800014f   Thumb Code     0  libinit2.o(.ARM.Collect$$libinit$$0000000E)
    __rt_lib_shutdown                        0x08000151   Thumb Code     0  libshutdown.o(.ARM.Collect$$libshutdown$$00000000)
    __rt_lib_shutdown_cpp_1                  0x08000153   Thumb Code     0  libshutdown2.o(.ARM.Collect$$libshutdown$$00000002)
    __rt_lib_shutdown_fp_trap_1              0x08000153   Thumb Code     0  libshutdown2.o(.ARM.Collect$$libshutdown$$00000007)
    __rt_lib_shutdown_heap_1                 0x08000153   Thumb Code     0  libshutdown2.o(.ARM.Collect$$libshutdown$$0000000F)
    __rt_lib_shutdown_return                 0x08000153   Thumb Code     0  libshutdown2.o(.ARM.Collect$$libshutdown$$00000010)
    __rt_lib_shutdown_signal_1               0x08000153   Thumb Code     0  libshutdown2.o(.ARM.Collect$$libshutdown$$0000000A)
    __rt_lib_shutdown_stdio_1                0x08000153   Thumb Code     0  libshutdown2.o(.ARM.Collect$$libshutdown$$00000004)
    __rt_lib_shutdown_user_alloc_1           0x08000153   Thumb Code     0  libshutdown2.o(.ARM.Collect$$libshutdown$$0000000C)
    __rt_entry                               0x08000155   Thumb Code     0  __rtentry.o(.ARM.Collect$$rtentry$$00000000)
    __rt_entry_presh_1                       0x08000155   Thumb Code     0  __rtentry2.o(.ARM.Collect$$rtentry$$00000002)
    __rt_entry_sh                            0x08000155   Thumb Code     0  __rtentry4.o(.ARM.Collect$$rtentry$$00000004)
    __rt_entry_li                            0x0800015b   Thumb Code     0  __rtentry2.o(.ARM.Collect$$rtentry$$0000000A)
    __rt_entry_postsh_1                      0x0800015b   Thumb Code     0  __rtentry2.o(.ARM.Collect$$rtentry$$00000009)
    __rt_entry_main                          0x0800015f   Thumb Code     0  __rtentry2.o(.ARM.Collect$$rtentry$$0000000D)
    __rt_entry_postli_1                      0x0800015f   Thumb Code     0  __rtentry2.o(.ARM.Collect$$rtentry$$0000000C)
    __rt_exit                                0x08000167   Thumb Code     0  rtexit.o(.ARM.Collect$$rtexit$$00000000)
    __rt_exit_ls                             0x08000169   Thumb Code     0  rtexit2.o(.ARM.Collect$$rtexit$$00000003)
    __rt_exit_prels_1                        0x08000169   Thumb Code     0  rtexit2.o(.ARM.Collect$$rtexit$$00000002)
    __rt_exit_exit                           0x0800016d   Thumb Code     0  rtexit2.o(.ARM.Collect$$rtexit$$00000004)
    Reset_Handler                            0x08000175   Thumb Code     8  startup_stm32f10x_ld.o(.text)
    NMI_Handler                              0x0800017d   Thumb Code     2  startup_stm32f10x_ld.o(.text)
    HardFault_Handler                        0x0800017f   Thumb Code     2  startup_stm32f10x_ld.o(.text)
    MemManage_Handler                        0x08000181   Thumb Code     2  startup_stm32f10x_ld.o(.text)
    BusFault_Handler                         0x08000183   Thumb Code     2  startup_stm32f10x_ld.o(.text)
    UsageFault_Handler                       0x08000185   Thumb Code     2  startup_stm32f10x_ld.o(.text)
    SVC_Handler                              0x08000187   Thumb Code     2  startup_stm32f10x_ld.o(.text)
    DebugMon_Handler                         0x08000189   Thumb Code     2  startup_stm32f10x_ld.o(.text)
    PendSV_Handler                           0x0800018b   Thumb Code     2  startup_stm32f10x_ld.o(.text)
    SysTick_Handler                          0x0800018d   Thumb Code     2  startup_stm32f10x_ld.o(.text)
    ADC1_2_IRQHandler                        0x0800018f   Thumb Code     0  startup_stm32f10x_ld.o(.text)
    CAN1_RX1_IRQHandler                      0x0800018f   Thumb Code     0  startup_stm32f10x_ld.o(.text)
    CAN1_SCE_IRQHandler                      0x0800018f   Thumb Code     0  startup_stm32f10x_ld.o(.text)
    DMA1_Channel1_IRQHandler                 0x0800018f   Thumb Code     0  startup_stm32f10x_ld.o(.text)
    DMA1_Channel2_IRQHandler                 0x0800018f   Thumb Code     0  startup_stm32f10x_ld.o(.text)
    DMA1_Channel3_IRQHandler                 0x0800018f   Thumb Code     0  startup_stm32f10x_ld.o(.text)
    DMA1_Channel4_IRQHandler                 0x0800018f   Thumb Code     0  startup_stm32f10x_ld.o(.text)
    DMA1_Channel5_IRQHandler                 0x0800018f   Thumb Code     0  startup_stm32f10x_ld.o(.text)
    DMA1_Channel6_IRQHandler                 0x0800018f   Thumb Code     0  startup_stm32f10x_ld.o(.text)
    DMA1_Channel7_IRQHandler                 0x0800018f   Thumb Code     0  startup_stm32f10x_ld.o(.text)
    EXTI0_IRQHandler                         0x0800018f   Thumb Code     0  startup_stm32f10x_ld.o(.text)
    EXTI15_10_IRQHandler                     0x0800018f   Thumb Code     0  startup_stm32f10x_ld.o(.text)
    EXTI1_IRQHandler                         0x0800018f   Thumb Code     0  startup_stm32f10x_ld.o(.text)
    EXTI2_IRQHandler                         0x0800018f   Thumb Code     0  startup_stm32f10x_ld.o(.text)
    EXTI3_IRQHandler                         0x0800018f   Thumb Code     0  startup_stm32f10x_ld.o(.text)
    EXTI4_IRQHandler                         0x0800018f   Thumb Code     0  startup_stm32f10x_ld.o(.text)
    EXTI9_5_IRQHandler                       0x0800018f   Thumb Code     0  startup_stm32f10x_ld.o(.text)
    FLASH_IRQHandler                         0x0800018f   Thumb Code     0  startup_stm32f10x_ld.o(.text)
    I2C1_ER_IRQHandler                       0x0800018f   Thumb Code     0  startup_stm32f10x_ld.o(.text)
    I2C1_EV_IRQHandler                       0x0800018f   Thumb Code     0  startup_stm32f10x_ld.o(.text)
    PVD_IRQHandler                           0x0800018f   Thumb Code     0  startup_stm32f10x_ld.o(.text)
    RCC_IRQHandler                           0x0800018f   Thumb Code     0  startup_stm32f10x_ld.o(.text)
    RTCAlarm_IRQHandler                      0x0800018f   Thumb Code     0  startup_stm32f10x_ld.o(.text)
    RTC_IRQHandler                           0x0800018f   Thumb Code     0  startup_stm32f10x_ld.o(.text)
    SPI1_IRQHandler                          0x0800018f   Thumb Code     0  startup_stm32f10x_ld.o(.text)
    TAMPER_IRQHandler                        0x0800018f   Thumb Code     0  startup_stm32f10x_ld.o(.text)
    TIM1_BRK_IRQHandler                      0x0800018f   Thumb Code     0  startup_stm32f10x_ld.o(.text)
    TIM1_CC_IRQHandler                       0x0800018f   Thumb Code     0  startup_stm32f10x_ld.o(.text)
    TIM1_TRG_COM_IRQHandler                  0x0800018f   Thumb Code     0  startup_stm32f10x_ld.o(.text)
    TIM1_UP_IRQHandler                       0x0800018f   Thumb Code     0  startup_stm32f10x_ld.o(.text)
    TIM2_IRQHandler                          0x0800018f   Thumb Code     0  startup_stm32f10x_ld.o(.text)
    TIM3_IRQHandler                          0x0800018f   Thumb Code     0  startup_stm32f10x_ld.o(.text)
    USART1_IRQHandler                        0x0800018f   Thumb Code     0  startup_stm32f10x_ld.o(.text)
    USBWakeUp_IRQHandler                     0x0800018f   Thumb Code     0  startup_stm32f10x_ld.o(.text)
    USB_HP_CAN1_TX_IRQHandler                0x0800018f   Thumb Code     0  startup_stm32f10x_ld.o(.text)
    USB_LP_CAN1_RX0_IRQHandler               0x0800018f   Thumb Code     0  startup_stm32f10x_ld.o(.text)
    WWDG_IRQHandler                          0x0800018f   Thumb Code     0  startup_stm32f10x_ld.o(.text)
    __user_initial_stackheap                 0x08000191   Thumb Code     0  startup_stm32f10x_ld.o(.text)
    malloc                                   0x080001b5   Thumb Code    94  h1_alloc.o(.text)
    free                                     0x08000213   Thumb Code    78  h1_free.o(.text)
    __use_two_region_memory                  0x08000261   Thumb Code     2  heapauxi.o(.text)
    __rt_heap_escrow                         0x08000263   Thumb Code     2  heapauxi.o(.text)
    __rt_heap_expand                         0x08000265   Thumb Code     2  heapauxi.o(.text)
    __rt_heap_descriptor                     0x08000269   Thumb Code     8  rt_heap_descriptor_intlibspace.o(.text)
    __use_no_heap                            0x08000271   Thumb Code     2  hguard.o(.text)
    __heap$guard                             0x08000273   Thumb Code     2  hguard.o(.text)
    _terminate_user_alloc                    0x08000275   Thumb Code     2  init_alloc.o(.text)
    _init_user_alloc                         0x08000277   Thumb Code     2  init_alloc.o(.text)
    __Heap_Full                              0x08000279   Thumb Code    34  init_alloc.o(.text)
    __Heap_Broken                            0x0800029b   Thumb Code     6  init_alloc.o(.text)
    _init_alloc                              0x080002a1   Thumb Code    94  init_alloc.o(.text)
    __Heap_Initialize                        0x080002ff   Thumb Code    10  h1_init.o(.text)
    __Heap_DescSize                          0x08000309   Thumb Code     4  h1_init.o(.text)
    __user_libspace                          0x0800030d   Thumb Code     8  libspace.o(.text)
    __user_perproc_libspace                  0x0800030d   Thumb Code     0  libspace.o(.text)
    __user_perthread_libspace                0x0800030d   Thumb Code     0  libspace.o(.text)
    __Heap_ProvideMemory                     0x08000315   Thumb Code    52  h1_extend.o(.text)
    _maybe_terminate_alloc                   0x08000315   Thumb Code     0  maybetermalloc1.o(.text)
    __rt_SIGRTMEM                            0x08000349   Thumb Code    14  defsig_rtmem_outer.o(.text)
    __I$use$semihosting                      0x08000357   Thumb Code     0  use_no_semi.o(.text)
    __use_no_semihosting_swi                 0x08000357   Thumb Code     2  use_no_semi.o(.text)
    __semihosting_library_function           0x08000359   Thumb Code     0  indicate_semi.o(.text)
    __user_setup_stackheap                   0x08000359   Thumb Code    74  sys_stackheap_outer.o(.text)
    exit                                     0x080003a3   Thumb Code    18  exit.o(.text)
    __sig_exit                               0x080003b5   Thumb Code    10  defsig_exit.o(.text)
    __rt_SIGRTMEM_inner                      0x080003c1   Thumb Code    22  defsig_rtmem_inner.o(.text)
    _sys_exit                                0x08000411   Thumb Code     8  sys_exit.o(.text)
    __default_signal_display                 0x0800041d   Thumb Code    50  defsig_general.o(.text)
    _ttywrch                                 0x0800044f   Thumb Code    14  sys_wrch.o(.text)
    SystemInit                               0x08000589   Thumb Code   102  system_stm32f10x.o(.text.SystemInit)
    USART2_IRQHandler                        0x080005f1   Thumb Code    18  main.o(.text.USART2_IRQHandler)
    USART_BRR                                0x08000605   Thumb Code   280  uart_driver.o(.text.USART_BRR)
    adc_check                                0x0800074d   Thumb Code   106  adc_driver.o(.text.adc_check)
    adc_get                                  0x080007b9   Thumb Code   108  adc_driver.o(.text.adc_get)
    adc_init                                 0x08000825   Thumb Code   364  adc_driver.o(.text.adc_init)
    createMili                               0x08000991   Thumb Code    54  systick_delay.o(.text.createMili)
    delayMS                                  0x080009c9   Thumb Code    32  systick_delay.o(.text.delayMS)
    getLightLevel                            0x080009e9   Thumb Code    92  main.o(.text.getLightLevel)
    gpio_init                                0x08000a45   Thumb Code   250  gp_driver.o(.text.gpio_init)
    int2char                                 0x08000b41   Thumb Code   154  help_func.o(.text.int2char)
    main                                     0x08000bdd   Thumb Code   848  main.o(.text.main)
    read_GP                                  0x08000f2d   Thumb Code   126  gp_driver.o(.text.read_GP)
    setup                                    0x08000fad   Thumb Code   112  main.o(.text.setup)
    shippingInit                             0x0800101d   Thumb Code   108  main.o(.text.shippingInit)
    str_empty                                0x08001089   Thumb Code    40  help_func.o(.text.str_empty)
    systick_init                             0x080010b1   Thumb Code    42  systick_delay.o(.text.systick_init)
    systick_interrup_start                   0x080010dd   Thumb Code    50  systick_delay.o(.text.systick_interrup_start)
    toggle_GP                                0x08001111   Thumb Code    64  gp_driver.o(.text.toggle_GP)
    uart_ISR                                 0x08001151   Thumb Code   142  uart_driver.o(.text.uart_ISR)
    uart_RX                                  0x080011e1   Thumb Code   162  uart_driver.o(.text.uart_RX)
    uart_TX                                  0x08001285   Thumb Code   162  uart_driver.o(.text.uart_TX)
    uart_TX_hex                              0x08001329   Thumb Code   162  uart_driver.o(.text.uart_TX_hex)
    uart_init                                0x080013cd   Thumb Code   286  uart_driver.o(.text.uart_init)
    uart_send                                0x080014ed   Thumb Code    58  uart_driver.o(.text.uart_send)
    write_GP                                 0x08001529   Thumb Code   160  gp_driver.o(.text.write_GP)
    __aeabi_dadd                             0x080015c9   Thumb Code     0  daddsub_clz.o(x$fpl$dadd)
    _dadd                                    0x080015c9   Thumb Code   332  daddsub_clz.o(x$fpl$dadd)
    __fpl_dcmp_Inf                           0x08001719   Thumb Code    24  dcmpi.o(x$fpl$dcmpinf)
    __aeabi_ddiv                             0x08001731   Thumb Code     0  ddiv.o(x$fpl$ddiv)
    _ddiv                                    0x08001731   Thumb Code   556  ddiv.o(x$fpl$ddiv)
    __aeabi_cdcmpeq                          0x080019e5   Thumb Code     0  deqf.o(x$fpl$deqf)
    _dcmpeq                                  0x080019e5   Thumb Code   120  deqf.o(x$fpl$deqf)
    __aeabi_d2uiz                            0x08001a5d   Thumb Code     0  dfixu.o(x$fpl$dfixu)
    _dfixu                                   0x08001a5d   Thumb Code    90  dfixu.o(x$fpl$dfixu)
    __aeabi_ui2d                             0x08001ab7   Thumb Code     0  dflt_clz.o(x$fpl$dfltu)
    _dfltu                                   0x08001ab7   Thumb Code    38  dflt_clz.o(x$fpl$dfltu)
    __aeabi_cdcmpge                          0x08001add   Thumb Code     0  dgeqf.o(x$fpl$dgeqf)
    _dcmpge                                  0x08001add   Thumb Code   120  dgeqf.o(x$fpl$dgeqf)
    __aeabi_cdcmple                          0x08001b55   Thumb Code     0  dleqf.o(x$fpl$dleqf)
    _dcmple                                  0x08001b55   Thumb Code   120  dleqf.o(x$fpl$dleqf)
    __fpl_dcmple_InfNaN                      0x08001bb7   Thumb Code     0  dleqf.o(x$fpl$dleqf)
    __aeabi_dmul                             0x08001bcd   Thumb Code     0  dmul.o(x$fpl$dmul)
    _dmul                                    0x08001bcd   Thumb Code   332  dmul.o(x$fpl$dmul)
    __fpl_dnaninf                            0x08001d21   Thumb Code   156  dnaninf.o(x$fpl$dnaninf)
    __fpl_dretinf                            0x08001dbd   Thumb Code    12  dretinf.o(x$fpl$dretinf)
    __aeabi_dsub                             0x08001dc9   Thumb Code     0  daddsub_clz.o(x$fpl$dsub)
    _dsub                                    0x08001dc9   Thumb Code   472  daddsub_clz.o(x$fpl$dsub)
    __aeabi_dcmpeq                           0x08001fa5   Thumb Code     0  dcmp.o(x$fpl$fcmp)
    _deq                                     0x08001fa5   Thumb Code    14  dcmp.o(x$fpl$fcmp)
    _dneq                                    0x08001fb3   Thumb Code    14  dcmp.o(x$fpl$fcmp)
    __aeabi_dcmpgt                           0x08001fc1   Thumb Code     0  dcmp.o(x$fpl$fcmp)
    _dgr                                     0x08001fc1   Thumb Code    14  dcmp.o(x$fpl$fcmp)
    __aeabi_dcmpge                           0x08001fcf   Thumb Code     0  dcmp.o(x$fpl$fcmp)
    _dgeq                                    0x08001fcf   Thumb Code    14  dcmp.o(x$fpl$fcmp)
    __aeabi_dcmple                           0x08001fdd   Thumb Code     0  dcmp.o(x$fpl$fcmp)
    _dleq                                    0x08001fdd   Thumb Code    14  dcmp.o(x$fpl$fcmp)
    __aeabi_dcmplt                           0x08001feb   Thumb Code     0  dcmp.o(x$fpl$fcmp)
    _dls                                     0x08001feb   Thumb Code    14  dcmp.o(x$fpl$fcmp)
    __I$use$fp                               0x08001ff8   Number         0  usenofp.o(x$fpl$usenofp)
    Region$$Table$$Base                      0x080020dc   Number         0  anon$$obj.o(Region$$Table)
    Region$$Table$$Limit                     0x080020ec   Number         0  anon$$obj.o(Region$$Table)
    __libspace_start                         0x20000000   Data          96  libspace.o(.bss)
    __temporary_stack_top$libspace           0x20000060   Data           0  libspace.o(.bss)
    serialPort                               0x20000060   Data        2014  main.o(.bss.serialPort)



==============================================================================

Memory Map of the image

  Image Entry point : 0x08000175

  Load Region LR_1 (Base: 0x08000000, Size: 0x000020ec, Max: 0xffffffff, ABSOLUTE)

    Execution Region ER_RO (Exec base: 0x08000000, Load base: 0x08000000, Size: 0x000020ec, Max: 0xffffffff, ABSOLUTE)

    Exec Addr    Load Addr    Size         Type   Attr      Idx    E Section Name        Object

    0x08000000   0x08000000   0x000000ec   Data   RO          115    RESET               startup_stm32f10x_ld.o
    0x080000ec   0x080000ec   0x00000008   Code   RO          205  * !!!main             c_w.l(__main.o)
    0x080000f4   0x080000f4   0x00000034   Code   RO          451    !!!scatter          c_w.l(__scatter.o)
    0x08000128   0x08000128   0x0000001c   Code   RO          453    !!handler_zi        c_w.l(__scatter_zi.o)
    0x08000144   0x08000144   0x00000002   Code   RO          386    .ARM.Collect$$libinit$$00000000  c_w.l(libinit.o)
    0x08000146   0x08000146   0x00000000   Code   RO          262    .ARM.Collect$$libinit$$00000002  c_w.l(libinit2.o)
    0x08000146   0x08000146   0x00000000   Code   RO          264    .ARM.Collect$$libinit$$00000004  c_w.l(libinit2.o)
    0x08000146   0x08000146   0x00000000   Code   RO          266    .ARM.Collect$$libinit$$00000006  c_w.l(libinit2.o)
    0x08000146   0x08000146   0x00000008   Code   RO          267    .ARM.Collect$$libinit$$00000007  c_w.l(libinit2.o)
    0x0800014e   0x0800014e   0x00000000   Code   RO          269    .ARM.Collect$$libinit$$0000000C  c_w.l(libinit2.o)
    0x0800014e   0x0800014e   0x00000000   Code   RO          271    .ARM.Collect$$libinit$$0000000E  c_w.l(libinit2.o)
    0x0800014e   0x0800014e   0x00000000   Code   RO          273    .ARM.Collect$$libinit$$00000010  c_w.l(libinit2.o)
    0x0800014e   0x0800014e   0x00000000   Code   RO          276    .ARM.Collect$$libinit$$00000013  c_w.l(libinit2.o)
    0x0800014e   0x0800014e   0x00000000   Code   RO          278    .ARM.Collect$$libinit$$00000015  c_w.l(libinit2.o)
    0x0800014e   0x0800014e   0x00000000   Code   RO          280    .ARM.Collect$$libinit$$00000017  c_w.l(libinit2.o)
    0x0800014e   0x0800014e   0x00000000   Code   RO          282    .ARM.Collect$$libinit$$00000019  c_w.l(libinit2.o)
    0x0800014e   0x0800014e   0x00000000   Code   RO          284    .ARM.Collect$$libinit$$0000001B  c_w.l(libinit2.o)
    0x0800014e   0x0800014e   0x00000000   Code   RO          286    .ARM.Collect$$libinit$$0000001D  c_w.l(libinit2.o)
    0x0800014e   0x0800014e   0x00000000   Code   RO          288    .ARM.Collect$$libinit$$0000001F  c_w.l(libinit2.o)
    0x0800014e   0x0800014e   0x00000000   Code   RO          290    .ARM.Collect$$libinit$$00000021  c_w.l(libinit2.o)
    0x0800014e   0x0800014e   0x00000000   Code   RO          292    .ARM.Collect$$libinit$$00000023  c_w.l(libinit2.o)
    0x0800014e   0x0800014e   0x00000000   Code   RO          294    .ARM.Collect$$libinit$$00000025  c_w.l(libinit2.o)
    0x0800014e   0x0800014e   0x00000000   Code   RO          296    .ARM.Collect$$libinit$$00000027  c_w.l(libinit2.o)
    0x0800014e   0x0800014e   0x00000000   Code   RO          300    .ARM.Collect$$libinit$$0000002E  c_w.l(libinit2.o)
    0x0800014e   0x0800014e   0x00000000   Code   RO          302    .ARM.Collect$$libinit$$00000030  c_w.l(libinit2.o)
    0x0800014e   0x0800014e   0x00000000   Code   RO          304    .ARM.Collect$$libinit$$00000032  c_w.l(libinit2.o)
    0x0800014e   0x0800014e   0x00000000   Code   RO          306    .ARM.Collect$$libinit$$00000034  c_w.l(libinit2.o)
    0x0800014e   0x0800014e   0x00000002   Code   RO          307    .ARM.Collect$$libinit$$00000035  c_w.l(libinit2.o)
    0x08000150   0x08000150   0x00000002   Code   RO          448    .ARM.Collect$$libshutdown$$00000000  c_w.l(libshutdown.o)
    0x08000152   0x08000152   0x00000000   Code   RO          402    .ARM.Collect$$libshutdown$$00000002  c_w.l(libshutdown2.o)
    0x08000152   0x08000152   0x00000000   Code   RO          404    .ARM.Collect$$libshutdown$$00000004  c_w.l(libshutdown2.o)
    0x08000152   0x08000152   0x00000000   Code   RO          407    .ARM.Collect$$libshutdown$$00000007  c_w.l(libshutdown2.o)
    0x08000152   0x08000152   0x00000000   Code   RO          410    .ARM.Collect$$libshutdown$$0000000A  c_w.l(libshutdown2.o)
    0x08000152   0x08000152   0x00000000   Code   RO          412    .ARM.Collect$$libshutdown$$0000000C  c_w.l(libshutdown2.o)
    0x08000152   0x08000152   0x00000000   Code   RO          415    .ARM.Collect$$libshutdown$$0000000F  c_w.l(libshutdown2.o)
    0x08000152   0x08000152   0x00000002   Code   RO          416    .ARM.Collect$$libshutdown$$00000010  c_w.l(libshutdown2.o)
    0x08000154   0x08000154   0x00000000   Code   RO          233    .ARM.Collect$$rtentry$$00000000  c_w.l(__rtentry.o)
    0x08000154   0x08000154   0x00000000   Code   RO          327    .ARM.Collect$$rtentry$$00000002  c_w.l(__rtentry2.o)
    0x08000154   0x08000154   0x00000006   Code   RO          339    .ARM.Collect$$rtentry$$00000004  c_w.l(__rtentry4.o)
    0x0800015a   0x0800015a   0x00000000   Code   RO          329    .ARM.Collect$$rtentry$$00000009  c_w.l(__rtentry2.o)
    0x0800015a   0x0800015a   0x00000004   Code   RO          330    .ARM.Collect$$rtentry$$0000000A  c_w.l(__rtentry2.o)
    0x0800015e   0x0800015e   0x00000000   Code   RO          332    .ARM.Collect$$rtentry$$0000000C  c_w.l(__rtentry2.o)
    0x0800015e   0x0800015e   0x00000008   Code   RO          333    .ARM.Collect$$rtentry$$0000000D  c_w.l(__rtentry2.o)
    0x08000166   0x08000166   0x00000002   Code   RO          391    .ARM.Collect$$rtexit$$00000000  c_w.l(rtexit.o)
    0x08000168   0x08000168   0x00000000   Code   RO          422    .ARM.Collect$$rtexit$$00000002  c_w.l(rtexit2.o)
    0x08000168   0x08000168   0x00000004   Code   RO          423    .ARM.Collect$$rtexit$$00000003  c_w.l(rtexit2.o)
    0x0800016c   0x0800016c   0x00000006   Code   RO          424    .ARM.Collect$$rtexit$$00000004  c_w.l(rtexit2.o)
    0x08000172   0x08000172   0x00000002   PAD
    0x08000174   0x08000174   0x00000040   Code   RO          116  * .text               startup_stm32f10x_ld.o
    0x080001b4   0x080001b4   0x0000005e   Code   RO          145    .text               c_w.l(h1_alloc.o)
    0x08000212   0x08000212   0x0000004e   Code   RO          147    .text               c_w.l(h1_free.o)
    0x08000260   0x08000260   0x00000006   Code   RO          203    .text               c_w.l(heapauxi.o)
    0x08000266   0x08000266   0x00000002   PAD
    0x08000268   0x08000268   0x00000008   Code   RO          237    .text               c_w.l(rt_heap_descriptor_intlibspace.o)
    0x08000270   0x08000270   0x00000004   Code   RO          239    .text               c_w.l(hguard.o)
    0x08000274   0x08000274   0x0000008a   Code   RO          241    .text               c_w.l(init_alloc.o)
    0x080002fe   0x080002fe   0x0000000e   Code   RO          245    .text               c_w.l(h1_init.o)
    0x0800030c   0x0800030c   0x00000008   Code   RO          323    .text               c_w.l(libspace.o)
    0x08000314   0x08000314   0x00000000   Code   RO          343    .text               c_w.l(maybetermalloc1.o)
    0x08000314   0x08000314   0x00000034   Code   RO          345    .text               c_w.l(h1_extend.o)
    0x08000348   0x08000348   0x0000000e   Code   RO          349    .text               c_w.l(defsig_rtmem_outer.o)
    0x08000356   0x08000356   0x00000002   Code   RO          362    .text               c_w.l(use_no_semi.o)
    0x08000358   0x08000358   0x00000000   Code   RO          364    .text               c_w.l(indicate_semi.o)
    0x08000358   0x08000358   0x0000004a   Code   RO          365    .text               c_w.l(sys_stackheap_outer.o)
    0x080003a2   0x080003a2   0x00000012   Code   RO          371    .text               c_w.l(exit.o)
    0x080003b4   0x080003b4   0x0000000a   Code   RO          373    .text               c_w.l(defsig_exit.o)
    0x080003be   0x080003be   0x00000002   PAD
    0x080003c0   0x080003c0   0x00000050   Code   RO          375    .text               c_w.l(defsig_rtmem_inner.o)
    0x08000410   0x08000410   0x0000000c   Code   RO          387    .text               c_w.l(sys_exit.o)
    0x0800041c   0x0800041c   0x00000032   Code   RO          399    .text               c_w.l(defsig_general.o)
    0x0800044e   0x0800044e   0x0000000e   Code   RO          417    .text               c_w.l(sys_wrch.o)
    0x0800045c   0x0800045c   0x00000008   Code   RO          125    .text.SetSysClock   system_stm32f10x.o
    0x08000464   0x08000464   0x00000122   Code   RO          129    .text.SetSysClockTo72  system_stm32f10x.o
    0x08000586   0x08000586   0x00000002   PAD
    0x08000588   0x08000588   0x00000066   Code   RO          123    .text.SystemInit    system_stm32f10x.o
    0x080005ee   0x080005ee   0x00000002   PAD
    0x080005f0   0x080005f0   0x00000012   Code   RO           10    .text.USART2_IRQHandler  main.o
    0x08000602   0x08000602   0x00000002   PAD
    0x08000604   0x08000604   0x00000118   Code   RO           76    .text.USART_BRR     uart_driver.o
    0x0800071c   0x0800071c   0x00000030   Code   RO           78    .text.__NVIC_EnableIRQ  uart_driver.o
    0x0800074c   0x0800074c   0x0000006a   Code   RO          103    .text.adc_check     adc_driver.o
    0x080007b6   0x080007b6   0x00000002   PAD
    0x080007b8   0x080007b8   0x0000006c   Code   RO          105    .text.adc_get       adc_driver.o
    0x08000824   0x08000824   0x0000016c   Code   RO          101    .text.adc_init      adc_driver.o
    0x08000990   0x08000990   0x00000036   Code   RO           61    .text.createMili    systick_delay.o
    0x080009c6   0x080009c6   0x00000002   PAD
    0x080009c8   0x080009c8   0x00000020   Code   RO           63    .text.delayMS       systick_delay.o
    0x080009e8   0x080009e8   0x0000005c   Code   RO            8    .text.getLightLevel  main.o
    0x08000a44   0x08000a44   0x000000fa   Code   RO           23    .text.gpio_init     gp_driver.o
    0x08000b3e   0x08000b3e   0x00000002   PAD
    0x08000b40   0x08000b40   0x0000009a   Code   RO           46    .text.int2char      help_func.o
    0x08000bda   0x08000bda   0x00000002   PAD
    0x08000bdc   0x08000bdc   0x00000350   Code   RO            2    .text.main          main.o
    0x08000f2c   0x08000f2c   0x0000007e   Code   RO           25    .text.read_GP       gp_driver.o
    0x08000faa   0x08000faa   0x00000002   PAD
    0x08000fac   0x08000fac   0x00000070   Code   RO            4    .text.setup         main.o
    0x0800101c   0x0800101c   0x0000006c   Code   RO            6    .text.shippingInit  main.o
    0x08001088   0x08001088   0x00000028   Code   RO           50    .text.str_empty     help_func.o
    0x080010b0   0x080010b0   0x0000002a   Code   RO           59    .text.systick_init  systick_delay.o
    0x080010da   0x080010da   0x00000002   PAD
    0x080010dc   0x080010dc   0x00000032   Code   RO           65    .text.systick_interrup_start  systick_delay.o
    0x0800110e   0x0800110e   0x00000002   PAD
    0x08001110   0x08001110   0x00000040   Code   RO           29    .text.toggle_GP     gp_driver.o
    0x08001150   0x08001150   0x0000008e   Code   RO           86    .text.uart_ISR      uart_driver.o
    0x080011de   0x080011de   0x00000002   PAD
    0x080011e0   0x080011e0   0x000000a2   Code   RO           80    .text.uart_RX       uart_driver.o
    0x08001282   0x08001282   0x00000002   PAD
    0x08001284   0x08001284   0x000000a2   Code   RO           82    .text.uart_TX       uart_driver.o
    0x08001326   0x08001326   0x00000002   PAD
    0x08001328   0x08001328   0x000000a2   Code   RO           84    .text.uart_TX_hex   uart_driver.o
    0x080013ca   0x080013ca   0x00000002   PAD
    0x080013cc   0x080013cc   0x0000011e   Code   RO           74    .text.uart_init     uart_driver.o
    0x080014ea   0x080014ea   0x00000002   PAD
    0x080014ec   0x080014ec   0x0000003a   Code   RO           88    .text.uart_send     uart_driver.o
    0x08001526   0x08001526   0x00000002   PAD
    0x08001528   0x08001528   0x000000a0   Code   RO           27    .text.write_GP      gp_driver.o
    0x080015c8   0x080015c8   0x00000150   Code   RO          207    x$fpl$dadd          fz_ws.l(daddsub_clz.o)
    0x08001718   0x08001718   0x00000018   Code   RO          358    x$fpl$dcmpinf       fz_ws.l(dcmpi.o)
    0x08001730   0x08001730   0x000002b4   Code   RO          216    x$fpl$ddiv          fz_ws.l(ddiv.o)
    0x080019e4   0x080019e4   0x00000078   Code   RO          308    x$fpl$deqf          fz_ws.l(deqf.o)
    0x08001a5c   0x08001a5c   0x0000005a   Code   RO          219    x$fpl$dfixu         fz_ws.l(dfixu.o)
    0x08001ab6   0x08001ab6   0x00000026   Code   RO          223    x$fpl$dfltu         fz_ws.l(dflt_clz.o)
    0x08001adc   0x08001adc   0x00000078   Code   RO          310    x$fpl$dgeqf         fz_ws.l(dgeqf.o)
    0x08001b54   0x08001b54   0x00000078   Code   RO          312    x$fpl$dleqf         fz_ws.l(dleqf.o)
    0x08001bcc   0x08001bcc   0x00000154   Code   RO          229    x$fpl$dmul          fz_ws.l(dmul.o)
    0x08001d20   0x08001d20   0x0000009c   Code   RO          314    x$fpl$dnaninf       fz_ws.l(dnaninf.o)
    0x08001dbc   0x08001dbc   0x0000000c   Code   RO          316    x$fpl$dretinf       fz_ws.l(dretinf.o)
    0x08001dc8   0x08001dc8   0x000001dc   Code   RO          209    x$fpl$dsub          fz_ws.l(daddsub_clz.o)
    0x08001fa4   0x08001fa4   0x00000054   Code   RO          213    x$fpl$fcmp          fz_ws.l(dcmp.o)
    0x08001ff8   0x08001ff8   0x00000000   Code   RO          318    x$fpl$usenofp       fz_ws.l(usenofp.o)
    0x08001ff8   0x08001ff8   0x00000030   Data   RO           13    .rodata..L__const.main.offsetValue  main.o
    0x08002028   0x08002028   0x000000b3   Data   RO           12    .rodata.str1.1      main.o
    0x080020db   0x080020db   0x00000001   PAD
    0x080020dc   0x080020dc   0x00000010   Data   RO          450    Region$$Table       anon$$obj.o


    Execution Region ER_RW (Exec base: 0x20000000, Load base: 0x080020ec, Size: 0x00000000, Max: 0xffffffff, ABSOLUTE)

    **** No section assigned to this execution region ****


    Execution Region ER_ZI (Exec base: 0x20000000, Load base: 0x080020ec, Size: 0x00000e40, Max: 0xffffffff, ABSOLUTE)

    Exec Addr    Load Addr    Size         Type   Attr      Idx    E Section Name        Object

    0x20000000        -       0x00000060   Zero   RW          324    .bss                c_w.l(libspace.o)
    0x20000060        -       0x000007de   Zero   RW           14    .bss.serialPort     main.o
    0x2000083e   0x080020ec   0x00000002   PAD
    0x20000840        -       0x00000200   Zero   RW          114    HEAP                startup_stm32f10x_ld.o
    0x20000a40        -       0x00000400   Zero   RW          113    STACK               startup_stm32f10x_ld.o


==============================================================================

Image component sizes


      Code (inc. data)   RO Data    RW Data    ZI Data      Debug   Object Name

       578          0          0          0          0       2081   adc_driver.o
       600          0          0          0          0       1457   gp_driver.o
       194          0          0          0          0       2061   help_func.o
      1178          0        227          0       2014       2271   main.o
        64         26        236          0       1536        828   startup_stm32f10x_ld.o
       400          0          0          0          0       2812   system_stm32f10x.o
       178          0          0          0          0       1243   systick_delay.o
      1300          0          0          0          0       5707   uart_driver.o

    ----------------------------------------------------------------------
      4524         26        480          0       3552      18460   Object Totals
         0          0         16          0          0          0   (incl. Generated)
        32          0          1          0          2          0   (incl. Padding)

    ----------------------------------------------------------------------

      Code (inc. data)   RO Data    RW Data    ZI Data      Debug   Library Member Name

         8          0          0          0          0         68   __main.o
         0          0          0          0          0          0   __rtentry.o
        12          0          0          0          0          0   __rtentry2.o
         6          0          0          0          0          0   __rtentry4.o
        52          8          0          0          0          0   __scatter.o
        28          0          0          0          0          0   __scatter_zi.o
        10          0          0          0          0         68   defsig_exit.o
        50          0          0          0          0         88   defsig_general.o
        80         58          0          0          0         76   defsig_rtmem_inner.o
        14          0          0          0          0         80   defsig_rtmem_outer.o
        18          0          0          0          0         80   exit.o
        94          0          0          0          0         80   h1_alloc.o
        52          0          0          0          0         68   h1_extend.o
        78          0          0          0          0         80   h1_free.o
        14          0          0          0          0         84   h1_init.o
         6          0          0          0          0        152   heapauxi.o
         4          0          0          0          0        136   hguard.o
         0          0          0          0          0          0   indicate_semi.o
       138          0          0          0          0        168   init_alloc.o
         2          0          0          0          0          0   libinit.o
        10          0          0          0          0          0   libinit2.o
         2          0          0          0          0          0   libshutdown.o
         2          0          0          0          0          0   libshutdown2.o
         8          4          0          0         96         68   libspace.o
         0          0          0          0          0          0   maybetermalloc1.o
         8          4          0          0          0         68   rt_heap_descriptor_intlibspace.o
         2          0          0          0          0          0   rtexit.o
        10          0          0          0          0          0   rtexit2.o
        12          4          0          0          0         68   sys_exit.o
        74          0          0          0          0         80   sys_stackheap_outer.o
        14          0          0          0          0         76   sys_wrch.o
         2          0          0          0          0         68   use_no_semi.o
       812         16          0          0          0        296   daddsub_clz.o
        84          0          0          0          0        196   dcmp.o
        24          0          0          0          0         68   dcmpi.o
       692        140          0          0          0        216   ddiv.o
       120          4          0          0          0         92   deqf.o
        90          4          0          0          0         92   dfixu.o
        38          0          0          0          0         68   dflt_clz.o
       120          4          0          0          0         92   dgeqf.o
       120          4          0          0          0         92   dleqf.o
       340         12          0          0          0        104   dmul.o
       156          4          0          0          0         92   dnaninf.o
        12          0          0          0          0         68   dretinf.o
         0          0          0          0          0          0   usenofp.o

    ----------------------------------------------------------------------
      3424        266          0          0         96       3132   Library Totals
         6          0          0          0          0          0   (incl. Padding)

    ----------------------------------------------------------------------

      Code (inc. data)   RO Data    RW Data    ZI Data      Debug   Library Name

       810         78          0          0         96       1656   c_w.l
      2608        188          0          0          0       1476   fz_ws.l

    ----------------------------------------------------------------------
      3424        266          0          0         96       3132   Library Totals

    ----------------------------------------------------------------------

==============================================================================


      Code (inc. data)   RO Data    RW Data    ZI Data      Debug   

      7948        292        480          0       3648      19944   Grand Totals
      7948        292        480          0       3648      19944   ELF Image Totals
      7948        292        480          0          0          0   ROM Totals

==============================================================================

    Total RO  Size (Code + RO Data)                 8428 (   8.23kB)
    Total RW  Size (RW Data + ZI Data)              3648 (   3.56kB)
    Total ROM Size (Code + RO Data + RW Data)       8428 (   8.23kB)

==============================================================================

